** Drc report for C:\Users\Anthony Rainer\Dropbox\KiCad Projects\0ZeroRobotControl\0ZeroRobotControl.kicad_pcb **
** Created on  **

** Found 397 DRC errors **
ErrType(19): Pad near pad
    @ (23.134 mm,36.552 mm): Pad 5 on F.Cu, B.Cu, Internal, Non-copper of J3
    @ (24.024 mm,36.352 mm): Pad 1 on F.Cu, B.Cu, Internal, Non-copper of J3
ErrType(19): Pad near pad
    @ (24.024 mm,33.752 mm): Pad 5 on F.Cu, B.Cu, Internal, Non-copper of J3
    @ (24.674 mm,34.402 mm): Pad 4 on F.Cu, B.Cu, Internal, Non-copper of J3
ErrType(19): Pad near pad
    @ (24.024 mm,35.052 mm): Pad 3 on F.Cu, B.Cu, Internal, Non-copper of J3
    @ (24.674 mm,34.402 mm): Pad 4 on F.Cu, B.Cu, Internal, Non-copper of J3
ErrType(19): Pad near pad
    @ (24.024 mm,36.352 mm): Pad 1 on F.Cu, B.Cu, Internal, Non-copper of J3
    @ (24.674 mm,35.702 mm): Pad 2 on F.Cu, B.Cu, Internal, Non-copper of J3
ErrType(19): Pad near pad
    @ (52.500 mm,116.250 mm): Pad on F.Cu, B.Cu, Internal, Non-copper of PiM03
    @ (55.880 mm,115.697 mm): Pad VIA on F.Cu, B.Cu, Internal of REF70
ErrType(4): Track near pad
    @ (77.261 mm,55.437 mm): Track 0.250 mm, net [/VBB1] (1) on layer B.Cu, length: 5.189 mm
    @ (75.500 mm,58.250 mm): Pad on F.Cu, B.Cu, Internal, Non-copper of PiM01
ErrType(4): Track near pad
    @ (78.317 mm,55.437 mm): Track 0.250 mm, net [/VBB1] (1) on layer B.Cu, length: 1.056 mm
    @ (75.500 mm,58.250 mm): Pad on F.Cu, B.Cu, Internal, Non-copper of PiM01
ErrType(7): Via near track
    @ (52.943 mm,81.937 mm): Track 1.500 mm, net [/Steppers/M4-1] (95) on layer In1.Cu, length: 7.150 mm
    @ (56.650 mm,83.312 mm): Via 0.750 mm net [/VBB1] (1) on layers F.Cu/B.Cu
ErrType(7): Via near track
    @ (49.130 mm,109.855 mm): Track 1.500 mm, net [/Steppers/M6-3] (112) on layer In1.Cu, length: 9.417 mm
    @ (56.650 mm,111.230 mm): Via 0.750 mm net [/VBB1] (1) on layers F.Cu/B.Cu
ErrType(7): Via near track
    @ (33.074 mm,89.799 mm): Track 0.250 mm, net [/Steppers/CP1] (121) on layer F.Cu, length: 2.288 mm
    @ (31.496 mm,90.424 mm): Via 0.600 mm net [/VBB1] (1) on layers F.Cu/B.Cu
ErrType(7): Via near track
    @ (60.347 mm,101.241 mm): Track 1.500 mm, net [/Steppers/M6-1] (109) on layer In2.Cu, length: 11.140 mm
    @ (56.650 mm,102.616 mm): Via 0.750 mm net [/VBB1] (1) on layers F.Cu/B.Cu
ErrType(7): Via near track
    @ (31.832 mm,108.774 mm): Track 0.250 mm, net [/Steppers/CP1] (121) on layer F.Cu, length: 1.232 mm
    @ (31.496 mm,109.474 mm): Via 0.750 mm net [/VBB1] (1) on layers F.Cu/B.Cu
ErrType(7): Via near track
    @ (42.685 mm,110.626 mm): Track 0.400 mm, net [/3.3VR] (34) on layer F.Cu, length: 0.744 mm
    @ (41.910 mm,110.998 mm): Via 0.750 mm net [/VBB1] (1) on layers F.Cu/B.Cu
ErrType(7): Via near track
    @ (30.835 mm,70.674 mm): Track 0.250 mm, net [/Steppers/CP1] (121) on layer F.Cu, length: 0.997 mm
    @ (31.496 mm,71.374 mm): Via 0.750 mm net [/VBB1] (1) on layers F.Cu/B.Cu
ErrType(7): Via near track
    @ (42.685 mm,71.764 mm): Track 0.400 mm, net [/3.3VR] (34) on layer F.Cu, length: 1.969 mm
    @ (41.910 mm,72.136 mm): Via 0.750 mm net [/VBB1] (1) on layers F.Cu/B.Cu
ErrType(5): Track near via
    @ (58.904 mm,104.870 mm): Track 2.000 mm, net [/VBB1] (1) on layer B.Cu, length: 4.106 mm
    @ (57.404 mm,108.204 mm): Via 0.600 mm net [/Steppers/CP1] (121) on layers F.Cu/B.Cu
ErrType(4): Track near pad
    @ (47.869 mm,93.065 mm): Track 0.750 mm, net [/VBB1] (1) on layer F.Cu, length: 5.350 mm
    @ (45.720 mm,91.440 mm): Pad 1 on F.Cu, B.Cu, Internal, Non-copper of P15
ErrType(5): Track near via
    @ (58.928 mm,88.908 mm): Track 2.000 mm, net [/VBB1] (1) on layer B.Cu, length: 3.222 mm
    @ (56.514 mm,89.201 mm): Via 0.600 mm net [/Steppers/CP1] (121) on layers F.Cu/B.Cu
ErrType(5): Track near via
    @ (58.928 mm,85.590 mm): Track 2.000 mm, net [/VBB1] (1) on layer B.Cu, length: 3.318 mm
    @ (57.378 mm,87.054 mm): Via 0.700 mm net [/3.3VR] (34) on layers F.Cu/B.Cu
ErrType(4): Track near pad
    @ (60.650 mm,90.555 mm): Track 0.500 mm, net [/VBB1] (1) on layer F.Cu, length: 2.971 mm
    @ (60.650 mm,89.905 mm): Pad 11 on F.Cu, Non-copper of IC8
ErrType(4): Track near pad
    @ (31.796 mm,90.724 mm): Track 2.000 mm, net [/VBB1] (1) on layer B.Cu, length: 12.100 mm
    @ (30.353 mm,95.377 mm): Pad VIA on F.Cu, B.Cu, Internal of REF70
ErrType(4): Track near pad
    @ (60.650 mm,65.005 mm): Track 0.500 mm, net [/VBB1] (1) on layer F.Cu, length: 3.257 mm
    @ (60.650 mm,64.355 mm): Pad 1 on F.Cu, Non-copper of IC6
ErrType(4): Track near pad
    @ (60.650 mm,84.055 mm): Track 0.500 mm, net [/VBB1] (1) on layer F.Cu, length: 3.257 mm
    @ (60.650 mm,83.405 mm): Pad 1 on F.Cu, Non-copper of IC8
ErrType(4): Track near pad
    @ (60.650 mm,71.505 mm): Track 0.500 mm, net [/VBB1] (1) on layer F.Cu, length: 2.861 mm
    @ (60.650 mm,70.855 mm): Pad 11 on F.Cu, Non-copper of IC6
ErrType(5): Track near via
    @ (58.928 mm,70.366 mm): Track 2.000 mm, net [/VBB1] (1) on layer B.Cu, length: 3.222 mm
    @ (56.671 mm,70.502 mm): Via 0.600 mm net [/Steppers/CP1] (121) on layers F.Cu/B.Cu
ErrType(5): Track near via
    @ (58.928 mm,66.540 mm): Track 2.000 mm, net [/VBB1] (1) on layer B.Cu, length: 3.826 mm
    @ (57.428 mm,69.107 mm): Via 0.600 mm net [/Steppers/SSCLK] (73) on layers F.Cu/B.Cu
ErrType(5): Track near via
    @ (56.650 mm,64.262 mm): Track 2.000 mm, net [/VBB1] (1) on layer B.Cu, length: 3.222 mm
    @ (56.913 mm,66.646 mm): Via 0.600 mm net [Net-(IC6-Pad4)] (83) on layers F.Cu/B.Cu
ErrType(4): Track near pad
    @ (56.650 mm,48.088 mm): Track 2.000 mm, net [/VBB1] (1) on layer B.Cu, length: 16.174 mm
    @ (52.500 mm,58.250 mm): Pad on F.Cu, B.Cu, Internal, Non-copper of PiM04
ErrType(4): Track near pad
    @ (35.440 mm,47.931 mm): Track 2.000 mm, net [/VBB1] (1) on layer B.Cu, length: 4.983 mm
    @ (37.592 mm,50.800 mm): Pad VO on F.Cu, B.Cu, Internal, Non-copper of U8
ErrType(5): Track near via
    @ (40.266 mm,70.492 mm): Track 2.000 mm, net [/VBB1] (1) on layer B.Cu, length: 2.324 mm
    @ (42.393 mm,70.498 mm): Via 0.600 mm net [/Steppers/SDIO1] (116) on layers F.Cu/B.Cu
ErrType(5): Track near via
    @ (40.266 mm,67.176 mm): Track 2.000 mm, net [/VBB1] (1) on layer B.Cu, length: 3.317 mm
    @ (41.766 mm,68.230 mm): Via 0.600 mm net [/Pi_GPIO26] (55) on layers F.Cu/B.Cu
ErrType(4): Track near pad
    @ (60.650 mm,109.605 mm): Track 0.500 mm, net [/VBB1] (1) on layer F.Cu, length: 2.375 mm
    @ (60.650 mm,108.955 mm): Pad 11 on F.Cu, Non-copper of IC10
ErrType(5): Track near via
    @ (41.402 mm,104.140 mm): Track 2.000 mm, net [/VBB1] (1) on layer B.Cu, length: 6.350 mm
    @ (42.902 mm,105.156 mm): Via 0.600 mm net [/Pi_GPIO16] (54) on layers F.Cu/B.Cu
ErrType(5): Track near via
    @ (32.258 mm,103.886 mm): Track 2.000 mm, net [/VBB1] (1) on layer B.Cu, length: 4.826 mm
    @ (30.758 mm,107.050 mm): Via 0.600 mm net [/Steppers/SSCLK] (73) on layers F.Cu/B.Cu
ErrType(5): Track near via
    @ (32.258 mm,84.582 mm): Track 2.000 mm, net [/VBB1] (1) on layer B.Cu, length: 5.080 mm
    @ (30.758 mm,87.956 mm): Via 0.600 mm net [/Steppers/SSCLK] (73) on layers F.Cu/B.Cu
ErrType(17): Two track ends too close
    @ (40.659 mm,91.205 mm): Track 0.500 mm, net [/VBB1] (1) on layer F.Cu, length: 1.769 mm
    @ (39.680 mm,90.555 mm): Track 0.400 mm, net [/3.3VR] (34) on layer F.Cu, length: 2.329 mm
ErrType(4): Track near pad
    @ (39.680 mm,91.205 mm): Track 0.500 mm, net [/VBB1] (1) on layer F.Cu, length: 0.979 mm
    @ (39.680 mm,90.555 mm): Pad 17 on F.Cu, Non-copper of IC7
ErrType(4): Track near pad
    @ (68.326 mm,92.075 mm): Track 2.000 mm, net [/VBB1] (1) on layer B.Cu, length: 11.557 mm
    @ (66.929 mm,96.647 mm): Pad VIA on F.Cu, B.Cu, Internal of REF70
ErrType(17): Two track ends too close
    @ (67.456 mm,91.205 mm): Track 0.500 mm, net [/VBB1] (1) on layer F.Cu, length: 1.230 mm
    @ (66.350 mm,90.555 mm): Track 0.400 mm, net [/3.3VR] (34) on layer F.Cu, length: 2.849 mm
ErrType(4): Track near pad
    @ (66.350 mm,91.205 mm): Track 0.500 mm, net [/VBB1] (1) on layer F.Cu, length: 1.106 mm
    @ (66.350 mm,90.555 mm): Pad 17 on F.Cu, Non-copper of IC8
ErrType(4): Track near pad
    @ (33.980 mm,90.555 mm): Track 0.500 mm, net [/VBB1] (1) on layer F.Cu, length: 2.353 mm
    @ (33.980 mm,89.905 mm): Pad 11 on F.Cu, Non-copper of IC7
ErrType(4): Track near pad
    @ (66.350 mm,103.755 mm): Track 0.500 mm, net [/VBB1] (1) on layer F.Cu, length: 1.853 mm
    @ (66.350 mm,104.405 mm): Pad 25 on F.Cu, Non-copper of IC10
ErrType(4): Track near pad
    @ (66.350 mm,65.655 mm): Track 0.500 mm, net [/VBB1] (1) on layer F.Cu, length: 1.845 mm
    @ (66.350 mm,66.305 mm): Pad 25 on F.Cu, Non-copper of IC6
ErrType(4): Track near pad
    @ (66.350 mm,72.155 mm): Track 0.500 mm, net [/VBB1] (1) on layer F.Cu, length: 1.957 mm
    @ (66.350 mm,71.505 mm): Pad 17 on F.Cu, Non-copper of IC6
ErrType(4): Track near pad
    @ (66.350 mm,84.705 mm): Track 0.500 mm, net [/VBB1] (1) on layer F.Cu, length: 1.853 mm
    @ (66.350 mm,85.355 mm): Pad 25 on F.Cu, Non-copper of IC8
ErrType(4): Track near pad
    @ (60.650 mm,103.105 mm): Track 0.500 mm, net [/VBB1] (1) on layer F.Cu, length: 3.511 mm
    @ (60.650 mm,102.455 mm): Pad 1 on F.Cu, Non-copper of IC10
ErrType(17): Two track ends too close
    @ (67.583 mm,110.255 mm): Track 0.500 mm, net [/VBB1] (1) on layer F.Cu, length: 1.051 mm
    @ (66.350 mm,109.605 mm): Track 0.400 mm, net [/3.3VR] (34) on layer F.Cu, length: 4.555 mm
ErrType(4): Track near pad
    @ (66.350 mm,110.255 mm): Track 0.500 mm, net [/VBB1] (1) on layer F.Cu, length: 1.233 mm
    @ (66.350 mm,109.605 mm): Pad 17 on F.Cu, Non-copper of IC10
ErrType(4): Track near pad
    @ (33.980 mm,103.105 mm): Track 0.500 mm, net [/VBB1] (1) on layer F.Cu, length: 2.465 mm
    @ (33.980 mm,102.455 mm): Pad 1 on F.Cu, Non-copper of IC9
ErrType(4): Track near pad
    @ (33.980 mm,109.605 mm): Track 0.500 mm, net [/VBB1] (1) on layer F.Cu, length: 2.353 mm
    @ (33.980 mm,108.955 mm): Pad 11 on F.Cu, Non-copper of IC9
ErrType(17): Two track ends too close
    @ (41.167 mm,110.255 mm): Track 0.500 mm, net [/VBB1] (1) on layer F.Cu, length: 1.051 mm
    @ (39.680 mm,109.605 mm): Track 0.400 mm, net [/3.3VR] (34) on layer F.Cu, length: 1.984 mm
ErrType(4): Track near pad
    @ (39.680 mm,110.255 mm): Track 0.500 mm, net [/VBB1] (1) on layer F.Cu, length: 1.487 mm
    @ (39.680 mm,109.605 mm): Pad 17 on F.Cu, Non-copper of IC9
ErrType(4): Track near pad
    @ (39.680 mm,103.755 mm): Track 0.500 mm, net [/VBB1] (1) on layer F.Cu, length: 2.107 mm
    @ (39.680 mm,104.405 mm): Pad 25 on F.Cu, Non-copper of IC9
ErrType(4): Track near pad
    @ (39.680 mm,84.705 mm): Track 0.500 mm, net [/VBB1] (1) on layer F.Cu, length: 2.107 mm
    @ (39.680 mm,85.355 mm): Pad 25 on F.Cu, Non-copper of IC7
ErrType(4): Track near pad
    @ (33.980 mm,84.055 mm): Track 0.500 mm, net [/VBB1] (1) on layer F.Cu, length: 2.249 mm
    @ (33.980 mm,83.405 mm): Pad 1 on F.Cu, Non-copper of IC7
ErrType(4): Track near pad
    @ (33.980 mm,71.505 mm): Track 0.500 mm, net [/VBB1] (1) on layer F.Cu, length: 2.353 mm
    @ (33.980 mm,70.855 mm): Pad 11 on F.Cu, Non-copper of IC5
ErrType(4): Track near pad
    @ (33.980 mm,65.005 mm): Track 0.500 mm, net [/VBB1] (1) on layer F.Cu, length: 2.465 mm
    @ (33.980 mm,64.355 mm): Pad 1 on F.Cu, Non-copper of IC5
ErrType(4): Track near pad
    @ (39.680 mm,72.155 mm): Track 0.500 mm, net [/VBB1] (1) on layer F.Cu, length: 2.211 mm
    @ (39.680 mm,71.505 mm): Pad 17 on F.Cu, Non-copper of IC5
ErrType(4): Track near pad
    @ (39.680 mm,65.655 mm): Track 0.500 mm, net [/VBB1] (1) on layer F.Cu, length: 2.107 mm
    @ (39.680 mm,66.305 mm): Pad 25 on F.Cu, Non-copper of IC5
ErrType(4): Track near pad
    @ (96.083 mm,69.159 mm): Track 0.250 mm, net [GND] (2) on layer In2.Cu, length: 4.176 mm
    @ (94.996 mm,70.612 mm): Pad 1 on F.Cu, B.Cu, Internal, Non-copper of U2
ErrType(5): Track near via
    @ (26.503 mm,81.367 mm): Track 0.250 mm, net [GND] (2) on layer F.Cu, length: 8.819 mm
    @ (34.290 mm,82.042 mm): Via 0.600 mm net [/Steppers/M3-1] (88) on layers F.Cu/B.Cu
ErrType(4): Track near pad
    @ (24.056 mm,37.052 mm): Track 0.250 mm, net [GND] (2) on layer F.Cu, length: 0.422 mm
    @ (24.024 mm,36.352 mm): Pad 1 on F.Cu, B.Cu, Internal, Non-copper of J3
ErrType(17): Two track ends too close
    @ (37.255 mm,91.855 mm): Track 3.000 mm, net [GND] (2) on layer In2.Cu, length: 0.850 mm
    @ (38.059 mm,94.587 mm): Track 1.500 mm, net [/Steppers/M3-4] (92) on layer In2.Cu, length: 2.111 mm
ErrType(18): Two track ends too close
    @ (63.075 mm,72.805 mm): Track 3.000 mm, net [GND] (2) on layer In2.Cu, length: 0.850 mm
    @ (64.347 mm,75.918 mm): Track 1.500 mm, net [/Steppers/M2-4] (85) on layer In2.Cu, length: 2.394 mm
ErrType(17): Two track ends too close
    @ (63.925 mm,64.355 mm): Track 3.000 mm, net [GND] (2) on layer In2.Cu, length: 0.850 mm
    @ (64.047 mm,60.942 mm): Track 1.500 mm, net [/Steppers/M2-2] (87) on layer In2.Cu, length: 2.818 mm
ErrType(18): Two track ends too close
    @ (36.405 mm,72.805 mm): Track 3.000 mm, net [GND] (2) on layer In2.Cu, length: 0.850 mm
    @ (38.059 mm,75.537 mm): Track 1.500 mm, net [/Steppers/M1-4] (78) on layer In2.Cu, length: 2.111 mm
ErrType(17): Two track ends too close
    @ (37.255 mm,91.855 mm): Track 3.000 mm, net [GND] (2) on layer In1.Cu, length: 0.850 mm
    @ (38.059 mm,94.587 mm): Track 1.500 mm, net [/Steppers/M3-4] (92) on layer In1.Cu, length: 2.111 mm
ErrType(18): Two track ends too close
    @ (63.075 mm,64.355 mm): Track 3.000 mm, net [GND] (2) on layer In1.Cu, length: 0.850 mm
    @ (64.047 mm,60.942 mm): Track 1.500 mm, net [/Steppers/M2-2] (87) on layer In1.Cu, length: 2.818 mm
ErrType(17): Two track ends too close
    @ (37.255 mm,72.805 mm): Track 3.000 mm, net [GND] (2) on layer In1.Cu, length: 0.850 mm
    @ (38.059 mm,75.537 mm): Track 1.500 mm, net [/Steppers/M1-4] (78) on layer In1.Cu, length: 2.111 mm
ErrType(17): Two track ends too close
    @ (63.925 mm,64.355 mm): Track 3.000 mm, net [GND] (2) on layer In1.Cu, length: 1.056 mm
    @ (64.047 mm,60.942 mm): Track 1.500 mm, net [/Steppers/M2-2] (87) on layer In1.Cu, length: 2.818 mm
ErrType(18): Two track ends too close
    @ (63.925 mm,65.411 mm): Track 3.000 mm, net [GND] (2) on layer In2.Cu, length: 1.056 mm
    @ (64.047 mm,60.942 mm): Track 1.500 mm, net [/Steppers/M2-2] (87) on layer In2.Cu, length: 2.818 mm
ErrType(5): Track near via
    @ (63.736 mm,68.094 mm): Track 3.000 mm, net [GND] (2) on layer B.Cu, length: 8.487 mm
    @ (65.786 mm,74.168 mm): Via 0.600 mm net [/Steppers/M2-4] (85) on layers F.Cu/B.Cu
ErrType(18): Two track ends too close
    @ (37.255 mm,71.749 mm): Track 3.000 mm, net [GND] (2) on layer In1.Cu, length: 1.056 mm
    @ (38.059 mm,75.537 mm): Track 1.500 mm, net [/Steppers/M1-4] (78) on layer In1.Cu, length: 2.111 mm
ErrType(18): Two track ends too close
    @ (37.255 mm,90.799 mm): Track 3.000 mm, net [GND] (2) on layer In1.Cu, length: 1.056 mm
    @ (38.059 mm,94.587 mm): Track 1.500 mm, net [/Steppers/M3-4] (92) on layer In1.Cu, length: 2.111 mm
ErrType(17): Two track ends too close
    @ (37.255 mm,72.805 mm): Track 3.000 mm, net [GND] (2) on layer In2.Cu, length: 1.056 mm
    @ (38.059 mm,75.537 mm): Track 1.500 mm, net [/Steppers/M1-4] (78) on layer In2.Cu, length: 2.111 mm
ErrType(17): Two track ends too close
    @ (63.925 mm,72.805 mm): Track 3.000 mm, net [GND] (2) on layer In2.Cu, length: 1.056 mm
    @ (64.347 mm,75.918 mm): Track 1.500 mm, net [/Steppers/M2-4] (85) on layer In2.Cu, length: 2.394 mm
ErrType(18): Two track ends too close
    @ (37.255 mm,90.799 mm): Track 3.000 mm, net [GND] (2) on layer In2.Cu, length: 1.056 mm
    @ (38.059 mm,94.587 mm): Track 1.500 mm, net [/Steppers/M3-4] (92) on layer In2.Cu, length: 2.111 mm
ErrType(4): Track near pad
    @ (112.461 mm,108.439 mm): Track 0.250 mm, net [/TH0] (8) on layer F.Cu, length: 8.348 mm
    @ (111.686 mm,108.712 mm): Pad 1 on F.Cu, Non-copper of R26
ErrType(4): Track near pad
    @ (112.461 mm,112.776 mm): Track 0.250 mm, net [/TH0] (8) on layer F.Cu, length: 4.337 mm
    @ (111.686 mm,108.712 mm): Pad 1 on F.Cu, Non-copper of R26
ErrType(4): Track near pad
    @ (109.728 mm,67.755 mm): Track 1.750 mm, net [Net-(D5-Pad2)] (19) on layer F.Cu, length: 0.270 mm
    @ (109.728 mm,69.130 mm): Pad 2 on F.Cu, Non-copper of D8
ErrType(4): Track near pad
    @ (109.728 mm,66.300 mm): Track 1.750 mm, net [Net-(D5-Pad2)] (19) on layer F.Cu, length: 1.455 mm
    @ (109.728 mm,69.130 mm): Pad 2 on F.Cu, Non-copper of D8
ErrType(4): Track near pad
    @ (112.205 mm,57.721 mm): Track 1.750 mm, net [Net-(D6-Pad2)] (20) on layer F.Cu, length: 3.687 mm
    @ (109.728 mm,56.346 mm): Pad 2 on F.Cu, Non-copper of D9
ErrType(4): Track near pad
    @ (62.992 mm,30.803 mm): Track 0.500 mm, net [Net-(IC2-Pad7)] (30) on layer In1.Cu, length: 3.592 mm
    @ (62.122 mm,29.052 mm): Pad on F.Cu, B.Cu, Internal, Non-copper of P2
ErrType(4): Track near pad
    @ (24.607 mm,96.469 mm): Track 0.400 mm, net [/3.3VR] (34) on layer F.Cu, length: 6.515 mm
    @ (26.289 mm,95.758 mm): Pad VIA on F.Cu, B.Cu, Internal of REF70
ErrType(6): Via near via
    @ (57.111 mm,105.564 mm): Via 0.700 mm net [/3.3VR] (34) on layers F.Cu/B.Cu
    @ (56.734 mm,104.832 mm): Via 0.600 mm net [/Steppers/ADC_VChk3] (125) on layers F.Cu/B.Cu
ErrType(6): Via near via
    @ (30.642 mm,106.208 mm): Via 0.700 mm net [/3.3VR] (34) on layers F.Cu/B.Cu
    @ (30.758 mm,107.050 mm): Via 0.600 mm net [/Steppers/SSCLK] (73) on layers F.Cu/B.Cu
ErrType(6): Via near via
    @ (57.366 mm,68.259 mm): Via 0.700 mm net [/3.3VR] (34) on layers F.Cu/B.Cu
    @ (57.428 mm,69.107 mm): Via 0.600 mm net [/Steppers/SSCLK] (73) on layers F.Cu/B.Cu
ErrType(6): Via near via
    @ (57.378 mm,87.054 mm): Via 0.700 mm net [/3.3VR] (34) on layers F.Cu/B.Cu
    @ (57.263 mm,86.212 mm): Via 0.600 mm net [/Steppers/ADC_VChk] (72) on layers F.Cu/B.Cu
ErrType(17): Two track ends too close
    @ (30.952 mm,106.208 mm): Track 0.400 mm, net [/3.3VR] (34) on layer F.Cu, length: 0.309 mm
    @ (31.547 mm,106.355 mm): Track 0.250 mm, net [/Steppers/SSCLK] (73) on layer F.Cu, length: 0.983 mm
ErrType(16): Two track ends too close
    @ (31.455 mm,105.705 mm): Track 0.400 mm, net [/3.3VR] (34) on layer F.Cu, length: 0.711 mm
    @ (31.547 mm,106.355 mm): Track 0.250 mm, net [/Steppers/SSCLK] (73) on layer F.Cu, length: 0.983 mm
ErrType(17): Two track ends too close
    @ (59.046 mm,68.259 mm): Track 0.400 mm, net [/3.3VR] (34) on layer F.Cu, length: 1.679 mm
    @ (59.792 mm,68.255 mm): Track 0.250 mm, net [/Steppers/SSCLK] (73) on layer F.Cu, length: 1.205 mm
ErrType(16): Two track ends too close
    @ (59.700 mm,67.605 mm): Track 0.400 mm, net [/3.3VR] (34) on layer F.Cu, length: 0.925 mm
    @ (59.792 mm,68.255 mm): Track 0.250 mm, net [/Steppers/SSCLK] (73) on layer F.Cu, length: 1.205 mm
ErrType(17): Two track ends too close
    @ (68.420 mm,71.120 mm): Track 0.400 mm, net [/3.3VR] (34) on layer F.Cu, length: 2.051 mm
    @ (67.468 mm,70.595 mm): Track 0.250 mm, net [/Steppers/SDIO2] (117) on layer F.Cu, length: 1.603 mm
ErrType(18): Two track ends too close
    @ (67.300 mm,71.505 mm): Track 0.400 mm, net [/3.3VR] (34) on layer F.Cu, length: 0.544 mm
    @ (67.468 mm,70.595 mm): Track 0.250 mm, net [/Steppers/SDIO2] (117) on layer F.Cu, length: 1.603 mm
ErrType(4): Track near pad
    @ (42.706 mm,99.294 mm): Track 0.400 mm, net [/3.3VR] (34) on layer F.Cu, length: 2.438 mm
    @ (44.344 mm,98.044 mm): Pad 1 on F.Cu, Non-copper of R36
ErrType(17): Two track ends too close
    @ (42.685 mm,73.733 mm): Track 0.400 mm, net [/3.3VR] (34) on layer F.Cu, length: 3.941 mm
    @ (43.210 mm,67.177 mm): Track 0.250 mm, net [Net-(IC5-Pad24)] (79) on layer F.Cu, length: 7.351 mm
ErrType(18): Two track ends too close
    @ (42.282 mm,71.361 mm): Track 0.400 mm, net [/3.3VR] (34) on layer F.Cu, length: 0.570 mm
    @ (43.210 mm,67.177 mm): Track 0.250 mm, net [Net-(IC5-Pad24)] (79) on layer F.Cu, length: 7.351 mm
ErrType(16): Two track ends too close
    @ (41.538 mm,71.361 mm): Track 0.400 mm, net [/3.3VR] (34) on layer F.Cu, length: 0.744 mm
    @ (42.055 mm,70.836 mm): Track 0.250 mm, net [/Steppers/SDIO1] (116) on layer F.Cu, length: 0.478 mm
ErrType(18): Two track ends too close
    @ (41.394 mm,71.505 mm): Track 0.400 mm, net [/3.3VR] (34) on layer F.Cu, length: 0.204 mm
    @ (40.499 mm,70.836 mm): Track 0.250 mm, net [/Steppers/SDIO1] (116) on layer F.Cu, length: 1.556 mm
ErrType(4): Track near pad
    @ (76.772 mm,48.548 mm): Track 0.500 mm, net [/5VR] (35) on layer In1.Cu, length: 6.634 mm
    @ (75.500 mm,58.250 mm): Pad on F.Cu, B.Cu, Internal, Non-copper of PiM01
ErrType(4): Track near pad
    @ (76.962 mm,55.372 mm): Track 0.500 mm, net [/5VR] (35) on layer In1.Cu, length: 1.475 mm
    @ (75.500 mm,58.250 mm): Pad on F.Cu, B.Cu, Internal, Non-copper of PiM01
ErrType(4): Track near pad
    @ (79.311 mm,57.064 mm): Track 0.500 mm, net [/5VR] (35) on layer In1.Cu, length: 0.844 mm
    @ (75.500 mm,58.250 mm): Pad on F.Cu, B.Cu, Internal, Non-copper of PiM01
ErrType(4): Track near pad
    @ (78.714 mm,57.661 mm): Track 0.500 mm, net [/5VR] (35) on layer In1.Cu, length: 8.345 mm
    @ (75.500 mm,58.250 mm): Pad on F.Cu, B.Cu, Internal, Non-copper of PiM01
ErrType(4): Track near pad
    @ (76.772 mm,55.182 mm): Track 0.500 mm, net [/5VR] (35) on layer In1.Cu, length: 0.269 mm
    @ (75.500 mm,58.250 mm): Pad on F.Cu, B.Cu, Internal, Non-copper of PiM01
ErrType(4): Track near pad
    @ (25.574 mm,37.902 mm): Track 0.400 mm, net [/5VR] (35) on layer In1.Cu, length: 0.907 mm
    @ (24.674 mm,38.377 mm): Pad 5 on F.Cu, B.Cu, Internal, Non-copper of J3
ErrType(7): Via near track
    @ (45.275 mm,45.529 mm): Track 0.500 mm, net [+3V3] (36) on layer In2.Cu, length: 0.967 mm
    @ (44.704 mm,44.704 mm): Via 0.750 mm net [/5VR] (35) on layers F.Cu/B.Cu
ErrType(4): Track near pad
    @ (100.866 mm,110.970 mm): Track 0.500 mm, net [/5VR] (35) on layer In2.Cu, length: 7.394 mm
    @ (100.076 mm,109.220 mm): Pad 3 on F.Cu, B.Cu, Internal, Non-copper of P23
ErrType(4): Track near pad
    @ (84.328 mm,110.970 mm): Track 0.500 mm, net [/5VR] (35) on layer In2.Cu, length: 9.144 mm
    @ (90.932 mm,109.220 mm): Pad 3 on F.Cu, B.Cu, Internal, Non-copper of P21
ErrType(4): Track near pad
    @ (30.358 mm,45.868 mm): Track 0.500 mm, net [+3V3] (36) on layer In2.Cu, length: 0.822 mm
    @ (28.956 mm,45.720 mm): Pad VO on F.Cu, B.Cu, Internal, Non-copper of U7
ErrType(4): Track near pad
    @ (29.629 mm,44.318 mm): Track 0.500 mm, net [+3V3] (36) on layer In2.Cu, length: 3.161 mm
    @ (28.956 mm,45.720 mm): Pad VO on F.Cu, B.Cu, Internal, Non-copper of U7
ErrType(4): Track near pad
    @ (72.823 mm,54.991 mm): Track 0.500 mm, net [+5V] (37) on layer In2.Cu, length: 4.012 mm
    @ (75.500 mm,58.250 mm): Pad on F.Cu, B.Cu, Internal, Non-copper of PiM01
ErrType(4): Track near pad
    @ (76.835 mm,54.991 mm): Track 0.500 mm, net [+5V] (37) on layer In2.Cu, length: 1.805 mm
    @ (75.500 mm,58.250 mm): Pad on F.Cu, B.Cu, Internal, Non-copper of PiM01
ErrType(4): Track near pad
    @ (78.111 mm,56.267 mm): Track 0.500 mm, net [+5V] (37) on layer In2.Cu, length: 0.530 mm
    @ (75.500 mm,58.250 mm): Pad on F.Cu, B.Cu, Internal, Non-copper of PiM01
ErrType(4): Track near pad
    @ (78.486 mm,56.642 mm): Via 0.750 mm net [+5V] (37) on layers F.Cu/B.Cu
    @ (75.500 mm,58.250 mm): Pad on F.Cu, B.Cu, Internal, Non-copper of PiM01
ErrType(4): Track near pad
    @ (78.861 mm,57.017 mm): Track 0.500 mm, net [+5V] (37) on layer F.Cu, length: 0.530 mm
    @ (75.500 mm,58.250 mm): Pad on F.Cu, B.Cu, Internal, Non-copper of PiM01
ErrType(4): Track near pad
    @ (78.861 mm,61.134 mm): Track 0.500 mm, net [+5V] (37) on layer F.Cu, length: 4.117 mm
    @ (75.500 mm,58.250 mm): Pad on F.Cu, B.Cu, Internal, Non-copper of PiM01
ErrType(4): Track near pad
    @ (100.185 mm,91.549 mm): Track 0.250 mm, net [/Pi_GPIO9] (45) on layer F.Cu, length: 5.818 mm
    @ (104.648 mm,90.424 mm): Pad 1 on F.Cu, B.Cu, Internal, Non-copper of C12
ErrType(4): Track near pad
    @ (96.171 mm,90.480 mm): Track 0.250 mm, net [/Pi_GPIO11] (46) on layer F.Cu, length: 0.913 mm
    @ (94.996 mm,89.916 mm): Pad 4 on F.Cu, B.Cu, Internal, Non-copper of J2
ErrType(4): Track near pad
    @ (94.432 mm,91.091 mm): Track 0.250 mm, net [/Pi_GPIO11] (46) on layer F.Cu, length: 1.128 mm
    @ (94.996 mm,89.916 mm): Pad 4 on F.Cu, B.Cu, Internal, Non-copper of J2
ErrType(4): Track near pad
    @ (93.821 mm,89.359 mm): Track 0.250 mm, net [/Pi_GPIO11] (46) on layer F.Cu, length: 1.121 mm
    @ (94.996 mm,89.916 mm): Pad 4 on F.Cu, B.Cu, Internal, Non-copper of J2
ErrType(7): Via near track
    @ (42.036 mm,66.603 mm): Track 0.250 mm, net [Net-(IC5-Pad24)] (79) on layer F.Cu, length: 0.600 mm
    @ (42.336 mm,67.228 mm): Via 0.600 mm net [/Pi_GPIO16] (54) on layers F.Cu/B.Cu
ErrType(7): Via near track
    @ (41.004 mm,104.531 mm): Track 0.250 mm, net [Net-(IC9-Pad24)] (107) on layer F.Cu, length: 2.198 mm
    @ (42.902 mm,105.156 mm): Via 0.600 mm net [/Pi_GPIO16] (54) on layers F.Cu/B.Cu
ErrType(7): Via near track
    @ (69.296 mm,66.431 mm): Track 0.250 mm, net [Net-(IC6-Pad24)] (86) on layer F.Cu, length: 0.600 mm
    @ (69.596 mm,67.056 mm): Via 0.600 mm net [/Pi_GPIO16] (54) on layers F.Cu/B.Cu
ErrType(7): Via near track
    @ (69.296 mm,104.531 mm): Track 0.250 mm, net [Net-(IC10-Pad24)] (114) on layer F.Cu, length: 0.600 mm
    @ (69.596 mm,105.156 mm): Via 0.600 mm net [/Pi_GPIO16] (54) on layers F.Cu/B.Cu
ErrType(7): Via near track
    @ (69.296 mm,85.735 mm): Track 0.250 mm, net [Net-(IC8-Pad24)] (100) on layer F.Cu, length: 0.600 mm
    @ (69.596 mm,86.360 mm): Via 0.600 mm net [/Pi_GPIO16] (54) on layers F.Cu/B.Cu
ErrType(5): Track near via
    @ (39.680 mm,67.605 mm): Track 0.250 mm, net [/Pi_GPIO16] (54) on layer F.Cu, length: 2.278 mm
    @ (41.766 mm,68.230 mm): Via 0.600 mm net [/Pi_GPIO26] (55) on layers F.Cu/B.Cu
ErrType(5): Track near via
    @ (42.674 mm,86.655 mm): Track 0.250 mm, net [/Pi_GPIO16] (54) on layer F.Cu, length: 0.787 mm
    @ (43.221 mm,86.319 mm): Via 0.600 mm net [Net-(IC7-Pad24)] (93) on layers F.Cu/B.Cu
ErrType(5): Track near via
    @ (69.047 mm,67.605 mm): Track 0.250 mm, net [/Pi_GPIO16] (54) on layer F.Cu, length: 0.776 mm
    @ (69.638 mm,67.898 mm): Via 0.600 mm net [/Pi_GPIO26] (55) on layers F.Cu/B.Cu
ErrType(4): Track near pad
    @ (65.036 mm,98.365 mm): Track 0.250 mm, net [/Pi_GPIO26] (55) on layer In2.Cu, length: 18.326 mm
    @ (64.770 mm,97.790 mm): Pad VIA on F.Cu, B.Cu, Internal of REF70
ErrType(4): Track near pad
    @ (69.081 mm,102.409 mm): Track 0.250 mm, net [/Pi_GPIO26] (55) on layer In2.Cu, length: 5.720 mm
    @ (66.802 mm,99.314 mm): Pad VIA on F.Cu, B.Cu, Internal of REF70
ErrType(6): Via near via
    @ (41.828 mm,69.932 mm): Via 0.600 mm net [/Pi_GPIO21] (57) on layers F.Cu/B.Cu
    @ (42.393 mm,70.498 mm): Via 0.600 mm net [/Steppers/SDIO1] (116) on layers F.Cu/B.Cu
ErrType(7): Via near track
    @ (42.349 mm,89.905 mm): Track 0.250 mm, net [/Steppers/SDIO3] (118) on layer F.Cu, length: 1.314 mm
    @ (43.212 mm,89.884 mm): Via 0.600 mm net [/Pi_GPIO21] (57) on layers F.Cu/B.Cu
ErrType(7): Via near track
    @ (42.227 mm,107.655 mm): Track 0.250 mm, net [/Steppers/SDIO4] (119) on layer F.Cu, length: 0.955 mm
    @ (42.914 mm,107.852 mm): Via 0.600 mm net [/Pi_GPIO21] (57) on layers F.Cu/B.Cu
ErrType(4): Track near pad
    @ (51.289 mm,119.326 mm): Track 0.250 mm, net [/Pi_GPIO21] (57) on layer In1.Cu, length: 9.603 mm
    @ (52.500 mm,116.250 mm): Pad on F.Cu, B.Cu, Internal, Non-copper of PiM03
ErrType(4): Track near pad
    @ (65.130 mm,119.326 mm): Track 0.250 mm, net [/Pi_GPIO21] (57) on layer In1.Cu, length: 13.841 mm
    @ (52.500 mm,116.250 mm): Pad on F.Cu, B.Cu, Internal, Non-copper of PiM03
ErrType(4): Track near pad
    @ (50.821 mm,46.354 mm): Track 0.500 mm, net [/MOSFET_DRIVE_1] (58) on layer In1.Cu, length: 11.105 mm
    @ (51.816 mm,44.704 mm): Pad 1 on F.Cu, B.Cu, Internal, Non-copper of C1
ErrType(4): Track near pad
    @ (50.131 mm,46.354 mm): Track 0.500 mm, net [/MOSFET_DRIVE_1] (58) on layer In1.Cu, length: 0.690 mm
    @ (51.816 mm,44.704 mm): Pad 1 on F.Cu, B.Cu, Internal, Non-copper of C1
ErrType(4): Track near pad
    @ (101.500 mm,52.250 mm): Track 0.500 mm, net [/MOSFET_DRIVE_5] (60) on layer F.Cu, length: 6.578 mm
    @ (96.520 mm,50.800 mm): Pad 1 on F.Cu, B.Cu, Internal, Non-copper of D12
ErrType(4): Track near pad
    @ (23.420 mm,56.209 mm): Track 0.250 mm, net [/SW1] (65) on layer B.Cu, length: 39.252 mm
    @ (26.500 mm,58.250 mm): Pad on F.Cu, B.Cu, Internal, Non-copper of PiM06
ErrType(4): Track near pad
    @ (74.477 mm,61.588 mm): Via 0.600 mm net [/SW2] (66) on layers F.Cu/B.Cu
    @ (75.500 mm,58.250 mm): Pad on F.Cu, B.Cu, Internal, Non-copper of PiM01
ErrType(4): Track near pad
    @ (74.477 mm,61.588 mm): Track 0.250 mm, net [/SW2] (66) on layer F.Cu, length: 5.198 mm
    @ (75.500 mm,58.250 mm): Pad on F.Cu, B.Cu, Internal, Non-copper of PiM01
ErrType(4): Track near pad
    @ (86.514 mm,113.157 mm): Track 0.250 mm, net [/SW3] (67) on layer In2.Cu, length: 17.175 mm
    @ (75.500 mm,116.250 mm): Pad on F.Cu, B.Cu, Internal, Non-copper of PiM02
ErrType(4): Track near pad
    @ (62.273 mm,119.411 mm): Track 0.250 mm, net [/SW5] (70) on layer B.Cu, length: 12.804 mm
    @ (61.214 mm,117.475 mm): Pad VIA on F.Cu, B.Cu, Internal of REF70
ErrType(4): Track near pad
    @ (78.135 mm,119.411 mm): Track 0.250 mm, net [/SW5] (70) on layer B.Cu, length: 15.862 mm
    @ (75.500 mm,116.250 mm): Pad on F.Cu, B.Cu, Internal, Non-copper of PiM02
ErrType(4): Track near pad
    @ (66.548 mm,97.120 mm): Track 0.250 mm, net [/SW6] (71) on layer In2.Cu, length: 6.335 mm
    @ (66.929 mm,96.647 mm): Pad VIA on F.Cu, B.Cu, Internal of REF70
ErrType(4): Track near pad
    @ (69.559 mm,100.131 mm): Track 0.250 mm, net [/SW6] (71) on layer In2.Cu, length: 4.258 mm
    @ (66.929 mm,96.647 mm): Pad VIA on F.Cu, B.Cu, Internal of REF70
ErrType(6): Via near via
    @ (57.405 mm,87.904 mm): Via 0.600 mm net [/Steppers/SSCLK] (73) on layers F.Cu/B.Cu
    @ (57.080 mm,88.635 mm): Via 0.600 mm net [/Steppers/CP0] (123) on layers F.Cu/B.Cu
ErrType(4): Track near pad
    @ (45.102 mm,118.537 mm): Track 0.250 mm, net [/Steppers/SSCLK] (73) on layer B.Cu, length: 7.319 mm
    @ (46.609 mm,117.856 mm): Pad VIA on F.Cu, B.Cu, Internal of REF70
ErrType(4): Track near pad
    @ (27.861 mm,95.532 mm): Track 0.250 mm, net [/Steppers/SSCLK] (73) on layer B.Cu, length: 8.150 mm
    @ (28.448 mm,94.488 mm): Pad VIA on F.Cu, B.Cu, Internal of REF70
ErrType(18): Two track ends too close
    @ (28.445 mm,66.040 mm): Track 1.500 mm, net [/Steppers/M1-1] (74) on layer In2.Cu, length: 3.772 mm
    @ (30.387 mm,61.623 mm): Track 1.500 mm, net [/Steppers/M1-2] (80) on layer In2.Cu, length: 7.897 mm
ErrType(18): Two track ends too close
    @ (28.445 mm,66.040 mm): Track 1.500 mm, net [/Steppers/M1-1] (74) on layer In1.Cu, length: 3.772 mm
    @ (30.387 mm,61.623 mm): Track 1.500 mm, net [/Steppers/M1-2] (80) on layer In1.Cu, length: 7.897 mm
ErrType(18): Two track ends too close
    @ (26.667 mm,68.580 mm): Track 1.500 mm, net [/Steppers/M1-3] (77) on layer In2.Cu, length: 7.364 mm
    @ (31.149 mm,75.537 mm): Track 1.500 mm, net [/Steppers/M1-4] (78) on layer In2.Cu, length: 6.909 mm
ErrType(18): Two track ends too close
    @ (26.667 mm,68.580 mm): Track 1.500 mm, net [/Steppers/M1-3] (77) on layer In1.Cu, length: 7.364 mm
    @ (31.149 mm,75.537 mm): Track 1.500 mm, net [/Steppers/M1-4] (78) on layer In1.Cu, length: 6.909 mm
ErrType(4): Track near pad
    @ (31.149 mm,75.537 mm): Track 1.500 mm, net [/Steppers/M1-4] (78) on layer In2.Cu, length: 6.909 mm
    @ (37.592 mm,76.835 mm): Pad VIA on F.Cu, B.Cu, Internal of REF12
ErrType(4): Track near pad
    @ (31.149 mm,75.537 mm): Track 1.500 mm, net [/Steppers/M1-4] (78) on layer In1.Cu, length: 6.909 mm
    @ (37.592 mm,76.835 mm): Pad VIA on F.Cu, B.Cu, Internal of REF12
ErrType(17): Two track ends too close
    @ (59.898 mm,62.692 mm): Track 1.500 mm, net [/Steppers/M2-1] (81) on layer In1.Cu, length: 0.424 mm
    @ (55.455 mm,60.942 mm): Track 1.500 mm, net [/Steppers/M2-2] (87) on layer In1.Cu, length: 8.592 mm
ErrType(18): Two track ends too close
    @ (54.864 mm,64.008 mm): Track 1.500 mm, net [/Steppers/M2-1] (81) on layer In1.Cu, length: 1.861 mm
    @ (55.455 mm,60.942 mm): Track 1.500 mm, net [/Steppers/M2-2] (87) on layer In1.Cu, length: 8.592 mm
ErrType(17): Two track ends too close
    @ (48.340 mm,64.008 mm): Track 1.500 mm, net [/Steppers/M2-1] (81) on layer In1.Cu, length: 6.524 mm
    @ (46.374 mm,63.500 mm): Track 1.500 mm, net [/Steppers/M2-2] (87) on layer In1.Cu, length: 2.155 mm
ErrType(4): Track near pad
    @ (46.308 mm,66.040 mm): Track 1.500 mm, net [/Steppers/M2-1] (81) on layer In1.Cu, length: 2.874 mm
    @ (45.720 mm,63.500 mm): Pad 4 on F.Cu, B.Cu, Internal, Non-copper of P13
ErrType(17): Two track ends too close
    @ (59.898 mm,62.692 mm): Track 1.500 mm, net [/Steppers/M2-1] (81) on layer In2.Cu, length: 0.424 mm
    @ (55.455 mm,60.942 mm): Track 1.500 mm, net [/Steppers/M2-2] (87) on layer In2.Cu, length: 8.592 mm
ErrType(18): Two track ends too close
    @ (54.864 mm,64.008 mm): Track 1.500 mm, net [/Steppers/M2-1] (81) on layer In2.Cu, length: 1.861 mm
    @ (55.455 mm,60.942 mm): Track 1.500 mm, net [/Steppers/M2-2] (87) on layer In2.Cu, length: 8.592 mm
ErrType(17): Two track ends too close
    @ (48.340 mm,64.008 mm): Track 1.500 mm, net [/Steppers/M2-1] (81) on layer In2.Cu, length: 6.524 mm
    @ (46.374 mm,63.500 mm): Track 1.500 mm, net [/Steppers/M2-2] (87) on layer In2.Cu, length: 2.155 mm
ErrType(4): Track near pad
    @ (46.308 mm,66.040 mm): Track 1.500 mm, net [/Steppers/M2-1] (81) on layer In2.Cu, length: 2.874 mm
    @ (45.720 mm,63.500 mm): Pad 4 on F.Cu, B.Cu, Internal, Non-copper of P13
ErrType(18): Two track ends too close
    @ (48.020 mm,72.404 mm): Track 1.500 mm, net [/Steppers/M2-3] (84) on layer In1.Cu, length: 2.495 mm
    @ (49.059 mm,75.918 mm): Track 1.500 mm, net [/Steppers/M2-4] (85) on layer In1.Cu, length: 15.288 mm
ErrType(4): Track near pad
    @ (48.020 mm,69.320 mm): Track 1.500 mm, net [/Steppers/M2-3] (84) on layer In1.Cu, length: 3.084 mm
    @ (45.720 mm,71.120 mm): Pad 1 on F.Cu, B.Cu, Internal, Non-copper of P13
ErrType(17): Two track ends too close
    @ (60.198 mm,74.168 mm): Track 1.500 mm, net [/Steppers/M2-3] (84) on layer In1.Cu, length: 0.539 mm
    @ (49.059 mm,75.918 mm): Track 1.500 mm, net [/Steppers/M2-4] (85) on layer In1.Cu, length: 15.288 mm
ErrType(18): Two track ends too close
    @ (48.020 mm,72.404 mm): Track 1.500 mm, net [/Steppers/M2-3] (84) on layer In2.Cu, length: 2.495 mm
    @ (49.059 mm,75.918 mm): Track 1.500 mm, net [/Steppers/M2-4] (85) on layer In2.Cu, length: 15.288 mm
ErrType(4): Track near pad
    @ (48.020 mm,69.320 mm): Track 1.500 mm, net [/Steppers/M2-3] (84) on layer In2.Cu, length: 3.084 mm
    @ (45.720 mm,71.120 mm): Pad 1 on F.Cu, B.Cu, Internal, Non-copper of P13
ErrType(17): Two track ends too close
    @ (60.198 mm,74.168 mm): Track 1.500 mm, net [/Steppers/M2-3] (84) on layer In2.Cu, length: 0.539 mm
    @ (49.059 mm,75.918 mm): Track 1.500 mm, net [/Steppers/M2-4] (85) on layer In2.Cu, length: 15.288 mm
ErrType(4): Track near pad
    @ (64.347 mm,75.918 mm): Track 1.500 mm, net [/Steppers/M2-4] (85) on layer In2.Cu, length: 2.394 mm
    @ (64.262 mm,77.089 mm): Pad VIA on F.Cu, B.Cu, Internal of REF49
ErrType(4): Track near pad
    @ (49.059 mm,75.918 mm): Track 1.500 mm, net [/Steppers/M2-4] (85) on layer In2.Cu, length: 15.288 mm
    @ (62.738 mm,77.089 mm): Pad VIA on F.Cu, B.Cu, Internal of REF47
ErrType(4): Track near pad
    @ (64.347 mm,75.918 mm): Track 1.500 mm, net [/Steppers/M2-4] (85) on layer In1.Cu, length: 2.793 mm
    @ (64.262 mm,77.089 mm): Pad VIA on F.Cu, B.Cu, Internal of REF49
ErrType(4): Track near pad
    @ (49.059 mm,75.918 mm): Track 1.500 mm, net [/Steppers/M2-4] (85) on layer In1.Cu, length: 15.288 mm
    @ (62.738 mm,77.089 mm): Pad VIA on F.Cu, B.Cu, Internal of REF47
ErrType(4): Track near pad
    @ (47.898 mm,61.976 mm): Track 1.500 mm, net [/Steppers/M2-2] (87) on layer In1.Cu, length: 6.524 mm
    @ (52.500 mm,58.250 mm): Pad on F.Cu, B.Cu, Internal, Non-copper of PiM04
ErrType(4): Track near pad
    @ (47.898 mm,61.976 mm): Track 1.500 mm, net [/Steppers/M2-2] (87) on layer In2.Cu, length: 6.524 mm
    @ (52.500 mm,58.250 mm): Pad on F.Cu, B.Cu, Internal, Non-copper of PiM04
ErrType(5): Track near via
    @ (26.921 mm,86.360 mm): Track 1.500 mm, net [/Steppers/M3-1] (88) on layer In2.Cu, length: 5.568 mm
    @ (30.342 mm,84.778 mm): Via 0.600 mm net [Net-(IC7-Pad3)] (89) on layers F.Cu/B.Cu
ErrType(5): Track near via
    @ (30.858 mm,82.423 mm): Track 1.500 mm, net [/Steppers/M3-1] (88) on layer In1.Cu, length: 5.568 mm
    @ (30.342 mm,84.778 mm): Via 0.600 mm net [Net-(IC7-Pad3)] (89) on layers F.Cu/B.Cu
ErrType(18): Two track ends too close
    @ (28.048 mm,88.900 mm): Track 1.500 mm, net [/Steppers/M3-3] (91) on layer In1.Cu, length: 5.568 mm
    @ (31.260 mm,94.587 mm): Track 1.500 mm, net [/Steppers/M3-4] (92) on layer In1.Cu, length: 6.798 mm
ErrType(18): Two track ends too close
    @ (28.048 mm,88.900 mm): Track 1.500 mm, net [/Steppers/M3-3] (91) on layer In2.Cu, length: 5.568 mm
    @ (31.260 mm,94.587 mm): Track 1.500 mm, net [/Steppers/M3-4] (92) on layer In2.Cu, length: 6.798 mm
ErrType(4): Track near pad
    @ (38.059 mm,94.587 mm): Track 1.500 mm, net [/Steppers/M3-4] (92) on layer In1.Cu, length: 2.111 mm
    @ (38.354 mm,95.758 mm): Pad VIA on F.Cu, B.Cu, Internal of REF31
ErrType(4): Track near pad
    @ (31.260 mm,94.587 mm): Track 1.500 mm, net [/Steppers/M3-4] (92) on layer In1.Cu, length: 6.798 mm
    @ (30.353 mm,95.377 mm): Pad VIA on F.Cu, B.Cu, Internal of REF70
ErrType(4): Track near pad
    @ (28.113 mm,91.440 mm): Track 1.500 mm, net [/Steppers/M3-4] (92) on layer In1.Cu, length: 4.451 mm
    @ (30.353 mm,95.377 mm): Pad VIA on F.Cu, B.Cu, Internal of REF70
ErrType(4): Track near pad
    @ (38.059 mm,94.587 mm): Track 1.500 mm, net [/Steppers/M3-4] (92) on layer In2.Cu, length: 2.111 mm
    @ (38.354 mm,95.758 mm): Pad VIA on F.Cu, B.Cu, Internal of REF31
ErrType(4): Track near pad
    @ (31.260 mm,94.587 mm): Track 1.500 mm, net [/Steppers/M3-4] (92) on layer In2.Cu, length: 6.798 mm
    @ (30.353 mm,95.377 mm): Pad VIA on F.Cu, B.Cu, Internal of REF70
ErrType(4): Track near pad
    @ (28.113 mm,91.440 mm): Track 1.500 mm, net [/Steppers/M3-4] (92) on layer In2.Cu, length: 4.451 mm
    @ (30.353 mm,95.377 mm): Pad VIA on F.Cu, B.Cu, Internal of REF70
ErrType(4): Track near pad
    @ (38.284 mm,80.673 mm): Track 1.500 mm, net [/Steppers/M3-2] (94) on layer In2.Cu, length: 2.075 mm
    @ (38.354 mm,79.375 mm): Pad VIA on F.Cu, B.Cu, Internal of REF16
ErrType(4): Track near pad
    @ (30.133 mm,80.673 mm): Track 1.500 mm, net [/Steppers/M3-2] (94) on layer In2.Cu, length: 8.151 mm
    @ (38.354 mm,79.375 mm): Pad VIA on F.Cu, B.Cu, Internal of REF16
ErrType(4): Track near pad
    @ (38.284 mm,80.673 mm): Track 1.500 mm, net [/Steppers/M3-2] (94) on layer In1.Cu, length: 2.075 mm
    @ (38.354 mm,79.375 mm): Pad VIA on F.Cu, B.Cu, Internal of REF16
ErrType(4): Track near pad
    @ (30.133 mm,80.673 mm): Track 1.500 mm, net [/Steppers/M3-2] (94) on layer In1.Cu, length: 8.151 mm
    @ (38.354 mm,79.375 mm): Pad VIA on F.Cu, B.Cu, Internal of REF16
ErrType(17): Two track ends too close
    @ (60.093 mm,81.937 mm): Track 1.500 mm, net [/Steppers/M4-1] (95) on layer In1.Cu, length: 0.148 mm
    @ (52.153 mm,80.187 mm): Track 1.500 mm, net [/Steppers/M4-2] (101) on layer In1.Cu, length: 12.089 mm
ErrType(18): Two track ends too close
    @ (48.520 mm,86.360 mm): Track 1.500 mm, net [/Steppers/M4-1] (95) on layer In1.Cu, length: 6.255 mm
    @ (52.153 mm,80.187 mm): Track 1.500 mm, net [/Steppers/M4-2] (101) on layer In1.Cu, length: 12.089 mm
ErrType(17): Two track ends too close
    @ (52.943 mm,81.937 mm): Track 1.500 mm, net [/Steppers/M4-1] (95) on layer In2.Cu, length: 6.255 mm
    @ (52.218 mm,80.187 mm): Track 1.500 mm, net [/Steppers/M4-2] (101) on layer In2.Cu, length: 12.024 mm
ErrType(18): Two track ends too close
    @ (60.198 mm,82.042 mm): Track 1.500 mm, net [/Steppers/M4-1] (95) on layer In2.Cu, length: 0.148 mm
    @ (52.218 mm,80.187 mm): Track 1.500 mm, net [/Steppers/M4-2] (101) on layer In2.Cu, length: 12.024 mm
ErrType(4): Track near pad
    @ (49.643 mm,94.615 mm): Track 1.500 mm, net [/Steppers/M4-4] (99) on layer In2.Cu, length: 15.057 mm
    @ (61.976 mm,95.885 mm): Pad VIA on F.Cu, B.Cu, Internal of REF66
ErrType(4): Track near pad
    @ (49.643 mm,94.615 mm): Track 1.500 mm, net [/Steppers/M4-4] (99) on layer In1.Cu, length: 15.057 mm
    @ (61.976 mm,95.885 mm): Pad VIA on F.Cu, B.Cu, Internal of REF66
ErrType(18): Two track ends too close
    @ (28.200 mm,104.140 mm): Track 1.500 mm, net [/Steppers/M5-1] (102) on layer In2.Cu, length: 3.772 mm
    @ (38.284 mm,99.723 mm): Track 1.500 mm, net [/Steppers/M5-2] (108) on layer In2.Cu, length: 8.213 mm
ErrType(18): Two track ends too close
    @ (28.200 mm,104.140 mm): Track 1.500 mm, net [/Steppers/M5-1] (102) on layer In1.Cu, length: 3.772 mm
    @ (30.077 mm,99.723 mm): Track 1.500 mm, net [/Steppers/M5-2] (108) on layer In1.Cu, length: 8.207 mm
ErrType(18): Two track ends too close
    @ (26.667 mm,106.680 mm): Track 1.500 mm, net [/Steppers/M5-3] (105) on layer In2.Cu, length: 7.364 mm
    @ (31.149 mm,113.637 mm): Track 1.500 mm, net [/Steppers/M5-4] (106) on layer In2.Cu, length: 7.203 mm
ErrType(18): Two track ends too close
    @ (26.667 mm,106.680 mm): Track 1.500 mm, net [/Steppers/M5-3] (105) on layer In1.Cu, length: 7.364 mm
    @ (31.149 mm,113.637 mm): Track 1.500 mm, net [/Steppers/M5-4] (106) on layer In1.Cu, length: 6.909 mm
ErrType(4): Track near pad
    @ (38.284 mm,99.723 mm): Track 1.500 mm, net [/Steppers/M5-2] (108) on layer In2.Cu, length: 8.213 mm
    @ (36.068 mm,98.552 mm): Pad VIA on F.Cu, B.Cu, Internal of REF92
ErrType(4): Track near pad
    @ (39.751 mm,101.190 mm): Track 1.500 mm, net [/Steppers/M5-2] (108) on layer In2.Cu, length: 2.075 mm
    @ (38.354 mm,98.552 mm): Pad VIA on F.Cu, B.Cu, Internal of REF95
ErrType(4): Track near pad
    @ (38.284 mm,99.723 mm): Track 1.500 mm, net [/Steppers/M5-2] (108) on layer In1.Cu, length: 2.075 mm
    @ (38.354 mm,98.552 mm): Pad VIA on F.Cu, B.Cu, Internal of REF95
ErrType(4): Track near pad
    @ (30.077 mm,99.723 mm): Track 1.500 mm, net [/Steppers/M5-2] (108) on layer In1.Cu, length: 8.207 mm
    @ (36.068 mm,98.552 mm): Pad VIA on F.Cu, B.Cu, Internal of REF92
ErrType(4): Track near pad
    @ (49.207 mm,101.241 mm): Track 1.500 mm, net [/Steppers/M6-1] (109) on layer In2.Cu, length: 4.100 mm
    @ (45.720 mm,101.600 mm): Pad 4 on F.Cu, B.Cu, Internal, Non-copper of P17
ErrType(18): Two track ends too close
    @ (60.579 mm,101.473 mm): Track 1.500 mm, net [/Steppers/M6-1] (109) on layer In2.Cu, length: 0.328 mm
    @ (48.483 mm,99.491 mm): Track 1.500 mm, net [/Steppers/M6-2] (115) on layer In2.Cu, length: 16.014 mm
ErrType(17): Two track ends too close
    @ (60.347 mm,101.241 mm): Track 1.500 mm, net [/Steppers/M6-1] (109) on layer In1.Cu, length: 0.328 mm
    @ (48.483 mm,99.491 mm): Track 1.500 mm, net [/Steppers/M6-2] (115) on layer In1.Cu, length: 16.014 mm
ErrType(4): Track near pad
    @ (46.308 mm,104.140 mm): Track 1.500 mm, net [/Steppers/M6-1] (109) on layer In1.Cu, length: 4.100 mm
    @ (45.720 mm,101.600 mm): Pad 4 on F.Cu, B.Cu, Internal, Non-copper of P17
ErrType(5): Track near via
    @ (57.034 mm,104.207 mm): Track 0.250 mm, net [Net-(IC10-Pad4)] (111) on layer F.Cu, length: 0.543 mm
    @ (56.734 mm,104.832 mm): Via 0.600 mm net [/Steppers/ADC_VChk3] (125) on layers F.Cu/B.Cu
ErrType(4): Track near pad
    @ (49.130 mm,109.855 mm): Track 1.500 mm, net [/Steppers/M6-3] (112) on layer In1.Cu, length: 9.417 mm
    @ (54.483 mm,108.585 mm): Pad VIA on F.Cu, B.Cu, Internal of REF70
ErrType(18): Two track ends too close
    @ (60.198 mm,111.506 mm): Track 1.500 mm, net [/Steppers/M6-3] (112) on layer In1.Cu, length: 0.539 mm
    @ (55.409 mm,113.637 mm): Track 1.500 mm, net [/Steppers/M6-4] (113) on layer In1.Cu, length: 9.544 mm
ErrType(4): Track near pad
    @ (49.130 mm,109.855 mm): Track 1.500 mm, net [/Steppers/M6-3] (112) on layer In2.Cu, length: 9.417 mm
    @ (54.483 mm,108.585 mm): Pad VIA on F.Cu, B.Cu, Internal of REF70
ErrType(18): Two track ends too close
    @ (60.198 mm,111.506 mm): Track 1.500 mm, net [/Steppers/M6-3] (112) on layer In2.Cu, length: 0.539 mm
    @ (55.363 mm,113.637 mm): Track 1.500 mm, net [/Steppers/M6-4] (113) on layer In2.Cu, length: 9.590 mm
ErrType(4): Track near pad
    @ (64.953 mm,113.637 mm): Track 1.500 mm, net [/Steppers/M6-4] (113) on layer In1.Cu, length: 2.039 mm
    @ (65.278 mm,114.808 mm): Pad VIA on F.Cu, B.Cu, Internal of REF70
ErrType(4): Track near pad
    @ (55.409 mm,113.637 mm): Track 1.500 mm, net [/Steppers/M6-4] (113) on layer In1.Cu, length: 9.544 mm
    @ (52.500 mm,116.250 mm): Pad on F.Cu, B.Cu, Internal, Non-copper of PiM03
ErrType(4): Track near pad
    @ (53.492 mm,111.720 mm): Track 1.500 mm, net [/Steppers/M6-4] (113) on layer In1.Cu, length: 2.711 mm
    @ (52.500 mm,116.250 mm): Pad on F.Cu, B.Cu, Internal, Non-copper of PiM03
ErrType(4): Track near pad
    @ (64.953 mm,113.637 mm): Track 1.500 mm, net [/Steppers/M6-4] (113) on layer In2.Cu, length: 2.039 mm
    @ (65.278 mm,114.808 mm): Pad VIA on F.Cu, B.Cu, Internal of REF70
ErrType(4): Track near pad
    @ (55.363 mm,113.637 mm): Track 1.500 mm, net [/Steppers/M6-4] (113) on layer In2.Cu, length: 9.590 mm
    @ (52.500 mm,116.250 mm): Pad on F.Cu, B.Cu, Internal, Non-copper of PiM03
ErrType(4): Track near pad
    @ (53.446 mm,111.720 mm): Track 1.500 mm, net [/Steppers/M6-4] (113) on layer In2.Cu, length: 2.711 mm
    @ (52.500 mm,116.250 mm): Pad on F.Cu, B.Cu, Internal, Non-copper of PiM03
ErrType(27): Too small track width
    @ (66.040 mm,112.268 mm): Track 0.100 mm, net [/Steppers/M6-4] (113) on layer F.Cu, length: 0.102 mm
ErrType(4): Track near pad
    @ (51.282 mm,54.991 mm): Track 0.250 mm, net [/Steppers/SDIO1] (116) on layer In2.Cu, length: 2.436 mm
    @ (52.500 mm,58.250 mm): Pad on F.Cu, B.Cu, Internal, Non-copper of PiM04
ErrType(4): Track near pad
    @ (45.256 mm,61.964 mm): Track 0.250 mm, net [/Steppers/SDIO1] (116) on layer In2.Cu, length: 5.342 mm
    @ (48.260 mm,59.817 mm): Pad VIA on F.Cu, B.Cu, Internal of REF61
ErrType(4): Track near pad
    @ (49.034 mm,57.239 mm): Track 0.250 mm, net [/Steppers/SDIO1] (116) on layer In2.Cu, length: 3.179 mm
    @ (52.500 mm,58.250 mm): Pad on F.Cu, B.Cu, Internal, Non-copper of PiM04
ErrType(4): Track near pad
    @ (53.718 mm,54.991 mm): Track 0.250 mm, net [/Steppers/SDIO1] (116) on layer In2.Cu, length: 6.549 mm
    @ (52.500 mm,58.250 mm): Pad on F.Cu, B.Cu, Internal, Non-copper of PiM04
ErrType(4): Track near pad
    @ (60.473 mm,96.495 mm): Track 0.250 mm, net [/Steppers/SDIO3] (118) on layer In2.Cu, length: 0.518 mm
    @ (60.452 mm,95.885 mm): Pad VIA on F.Cu, B.Cu, Internal of REF70
ErrType(4): Track near pad
    @ (60.558 mm,96.580 mm): Track 0.250 mm, net [/Steppers/SDIO3] (118) on layer In2.Cu, length: 0.120 mm
    @ (60.452 mm,95.885 mm): Pad VIA on F.Cu, B.Cu, Internal of REF70
ErrType(4): Track near pad
    @ (58.874 mm,97.576 mm): Track 0.250 mm, net [/Steppers/SDIO4] (119) on layer In1.Cu, length: 8.522 mm
    @ (59.436 mm,97.790 mm): Pad VIA on F.Cu, B.Cu, Internal of REF70
ErrType(4): Track near pad
    @ (58.874 mm,97.576 mm): Track 0.250 mm, net [/Steppers/SDIO4] (119) on layer In1.Cu, length: 0.000 mm
    @ (59.436 mm,97.790 mm): Pad VIA on F.Cu, B.Cu, Internal of REF70
ErrType(4): Track near pad
    @ (59.955 mm,96.495 mm): Track 0.250 mm, net [/Steppers/SDIO4] (119) on layer In1.Cu, length: 1.528 mm
    @ (59.436 mm,97.790 mm): Pad VIA on F.Cu, B.Cu, Internal of REF70
ErrType(4): Track near pad
    @ (60.473 mm,96.495 mm): Track 0.250 mm, net [/Steppers/SDIO4] (119) on layer In1.Cu, length: 0.518 mm
    @ (60.452 mm,95.885 mm): Pad VIA on F.Cu, B.Cu, Internal of REF70
ErrType(4): Track near pad
    @ (60.564 mm,96.587 mm): Track 0.250 mm, net [/Steppers/SDIO4] (119) on layer In1.Cu, length: 0.129 mm
    @ (60.452 mm,95.885 mm): Pad VIA on F.Cu, B.Cu, Internal of REF70
ErrType(4): Track near pad
    @ (62.250 mm,119.281 mm): Track 0.250 mm, net [/Steppers/SDIO5] (120) on layer In2.Cu, length: 19.792 mm
    @ (52.500 mm,116.250 mm): Pad on F.Cu, B.Cu, Internal, Non-copper of PiM03
ErrType(4): Track near pad
    @ (66.108 mm,115.423 mm): Track 0.250 mm, net [/Steppers/SDIO5] (120) on layer In2.Cu, length: 5.456 mm
    @ (64.516 mm,117.856 mm): Pad VIA on F.Cu, B.Cu, Internal of REF70
ErrType(6): Via near via
    @ (56.671 mm,70.502 mm): Via 0.600 mm net [/Steppers/CP1] (121) on layers F.Cu/B.Cu
    @ (57.236 mm,69.936 mm): Via 0.600 mm net [/Steppers/CP0] (123) on layers F.Cu/B.Cu
ErrType(4): Track near pad
    @ (28.051 mm,95.980 mm): Track 0.250 mm, net [/Steppers/CP1] (121) on layer B.Cu, length: 2.732 mm
    @ (29.083 mm,94.107 mm): Pad VIA on F.Cu, B.Cu, Internal of REF70
ErrType(4): Track near pad
    @ (48.595 mm,83.543 mm): Track 0.750 mm, net [Net-(C18-Pad1)] (122) on layer F.Cu, length: 1.570 mm
    @ (49.700 mm,84.328 mm): Pad 2 on F.Cu, Non-copper of D13
ErrType(4): Track near pad
    @ (24.847 mm,99.669 mm): Via 0.600 mm net [/Steppers/CP0] (123) on layers F.Cu/B.Cu
    @ (25.146 mm,98.933 mm): Pad VIA on F.Cu, B.Cu, Internal of REF70
ErrType(4): Track near pad
    @ (54.437 mm,90.176 mm): Track 0.250 mm, net [/Steppers/CP0] (123) on layer B.Cu, length: 14.272 mm
    @ (53.848 mm,91.186 mm): Pad VIA on F.Cu, B.Cu, Internal of REF61
ErrType(4): Track near pad
    @ (43.137 mm,118.084 mm): Track 0.250 mm, net [/Steppers/CP0] (123) on layer B.Cu, length: 13.374 mm
    @ (49.022 mm,113.030 mm): Pad VIA on F.Cu, B.Cu, Internal of REF70
ErrType(4): Track near pad
    @ (59.591 mm,116.070 mm): Track 0.250 mm, net [/Steppers/ADC_VChk3] (125) on layer B.Cu, length: 8.126 mm
    @ (59.182 mm,114.808 mm): Pad VIA on F.Cu, B.Cu, Internal of REF70
ErrType(4): Track near pad
    @ (34.681 mm,96.032 mm): Track 0.250 mm, net [/Steppers/ADC_VChk3] (125) on layer In1.Cu, length: 5.693 mm
    @ (29.591 mm,96.647 mm): Pad VIA on F.Cu, B.Cu, Internal of REF70
ErrType(23): Copper areas intersect or are too close
    @ (57.404 mm,58.420 mm): Zone Outline  (58B61378) [/VBB1] on B.Cu
    @ (57.404 mm,58.420 mm): Zone Outline  (00000000) [GND] on B.Cu
ErrType(23): Copper areas intersect or are too close
    @ (67.564 mm,58.420 mm): Zone Outline  (58B61378) [/VBB1] on B.Cu
    @ (67.564 mm,58.420 mm): Zone Outline  (00000000) [GND] on B.Cu
ErrType(23): Copper areas intersect or are too close
    @ (57.404 mm,58.420 mm): Zone Outline  (58B61378) [/VBB1] on B.Cu
    @ (57.404 mm,58.420 mm): Zone Outline  (00000000) [GND] on B.Cu
ErrType(23): Copper areas intersect or are too close
    @ (57.404 mm,58.420 mm): Zone Outline  (00000000) [GND] on B.Cu
    @ (57.404 mm,58.420 mm): Zone Outline  (58B61378) [/VBB1] on B.Cu
ErrType(23): Copper areas intersect or are too close
    @ (67.564 mm,58.420 mm): Zone Outline  (00000000) [GND] on B.Cu
    @ (67.564 mm,58.420 mm): Zone Outline  (58B61378) [/VBB1] on B.Cu
ErrType(23): Copper areas intersect or are too close
    @ (57.404 mm,58.420 mm): Zone Outline  (00000000) [GND] on B.Cu
    @ (57.404 mm,58.420 mm): Zone Outline  (58B61378) [/VBB1] on B.Cu
ErrType(37): Track inside a keepout area
    @ (99.568 mm,45.212 mm): Track 2.000 mm, net [Net-(D12-Pad2)] (16) on layer In1.Cu, length: 5.080 mm
ErrType(37): Track inside a keepout area
    @ (100.117 mm,46.537 mm): Track 0.250 mm, net [/Pi_GPIO12] (51) on layer In1.Cu, length: 5.768 mm
ErrType(37): Track inside a keepout area
    @ (106.723 mm,45.699 mm): Track 0.250 mm, net [/Pi_GPIO12] (51) on layer In1.Cu, length: 0.973 mm
ErrType(37): Track inside a keepout area
    @ (105.885 mm,46.537 mm): Track 0.250 mm, net [/Pi_GPIO12] (51) on layer In1.Cu, length: 1.186 mm
ErrType(37): Track inside a keepout area
    @ (106.723 mm,44.725 mm): Track 0.250 mm, net [/Pi_GPIO12] (51) on layer In1.Cu, length: 1.186 mm
ErrType(37): Track inside a keepout area
    @ (105.885 mm,43.887 mm): Track 0.250 mm, net [/Pi_GPIO12] (51) on layer In1.Cu, length: 7.933 mm
ErrType(37): Track inside a keepout area
    @ (99.568 mm,45.212 mm): Track 2.000 mm, net [Net-(D12-Pad2)] (16) on layer In2.Cu, length: 5.080 mm
ErrType(36): Via inside a keepout area
    @ (111.252 mm,84.328 mm): Via 0.600 mm net [/VBB1] (1) on layers F.Cu/B.Cu
ErrType(37): Track inside a keepout area
    @ (103.014 mm,78.740 mm): Track 1.750 mm, net [Net-(D4-Pad2)] (18) on layer In2.Cu, length: 2.874 mm
ErrType(37): Track inside a keepout area
    @ (104.648 mm,78.740 mm): Track 1.750 mm, net [Net-(D4-Pad2)] (18) on layer In2.Cu, length: 1.634 mm
ErrType(37): Track inside a keepout area
    @ (102.506 mm,67.564 mm): Track 1.750 mm, net [Net-(D5-Pad2)] (19) on layer In2.Cu, length: 2.155 mm
ErrType(37): Track inside a keepout area
    @ (104.648 mm,67.564 mm): Track 1.750 mm, net [Net-(D5-Pad2)] (19) on layer In2.Cu, length: 2.142 mm
ErrType(37): Track inside a keepout area
    @ (103.014 mm,56.388 mm): Track 1.750 mm, net [Net-(D6-Pad2)] (20) on layer In2.Cu, length: 2.874 mm
ErrType(37): Track inside a keepout area
    @ (104.648 mm,56.388 mm): Track 1.750 mm, net [Net-(D6-Pad2)] (20) on layer In2.Cu, length: 1.634 mm
ErrType(36): Via inside a keepout area
    @ (111.252 mm,84.328 mm): Via 0.600 mm net [/VBB1] (1) on layers F.Cu/B.Cu
ErrType(37): Track inside a keepout area
    @ (103.014 mm,78.740 mm): Track 1.750 mm, net [Net-(D4-Pad2)] (18) on layer In1.Cu, length: 1.634 mm
ErrType(37): Track inside a keepout area
    @ (100.982 mm,80.772 mm): Track 1.750 mm, net [Net-(D4-Pad2)] (18) on layer In1.Cu, length: 2.874 mm
ErrType(37): Track inside a keepout area
    @ (102.506 mm,67.564 mm): Track 1.750 mm, net [Net-(D5-Pad2)] (19) on layer In1.Cu, length: 2.155 mm
ErrType(37): Track inside a keepout area
    @ (104.648 mm,67.564 mm): Track 1.750 mm, net [Net-(D5-Pad2)] (19) on layer In1.Cu, length: 2.142 mm
ErrType(37): Track inside a keepout area
    @ (103.014 mm,56.388 mm): Track 1.750 mm, net [Net-(D6-Pad2)] (20) on layer In1.Cu, length: 2.874 mm
ErrType(37): Track inside a keepout area
    @ (104.648 mm,56.388 mm): Track 1.750 mm, net [Net-(D6-Pad2)] (20) on layer In1.Cu, length: 1.634 mm
ErrType(37): Track inside a keepout area
    @ (70.104 mm,39.782 mm): Track 2.000 mm, net [Net-(D11-Pad2)] (14) on layer In1.Cu, length: 4.222 mm
ErrType(36): Via inside a keepout area
    @ (65.532 mm,26.924 mm): Via 0.750 mm net [Net-(IC2-Pad7)] (30) on layers F.Cu/B.Cu
ErrType(37): Track inside a keepout area
    @ (65.532 mm,28.263 mm): Track 0.500 mm, net [Net-(IC2-Pad7)] (30) on layer In1.Cu, length: 1.339 mm
ErrType(37): Track inside a keepout area
    @ (62.992 mm,30.803 mm): Track 0.500 mm, net [Net-(IC2-Pad7)] (30) on layer In1.Cu, length: 3.592 mm
ErrType(37): Track inside a keepout area
    @ (70.104 mm,39.782 mm): Track 2.000 mm, net [Net-(D11-Pad2)] (14) on layer In2.Cu, length: 4.222 mm
ErrType(36): Via inside a keepout area
    @ (65.532 mm,26.924 mm): Via 0.750 mm net [Net-(IC2-Pad7)] (30) on layers F.Cu/B.Cu
ErrType(37): Track inside a keepout area
    @ (79.248 mm,35.560 mm): Track 0.500 mm, net [/MOSFET_DRIVE_3] (59) on layer In2.Cu, length: 6.604 mm
ErrType(37): Track inside a keepout area
    @ (36.576 mm,40.136 mm): Track 2.500 mm, net [Net-(D1-Pad1)] (12) on layer In2.Cu, length: 4.575 mm
ErrType(37): Track inside a keepout area
    @ (36.576 mm,40.136 mm): Track 2.500 mm, net [Net-(D1-Pad1)] (12) on layer In1.Cu, length: 4.575 mm
ErrType(37): Track inside a keepout area
    @ (77.261 mm,55.437 mm): Track 0.250 mm, net [/VBB1] (1) on layer B.Cu, length: 5.189 mm
ErrType(37): Track inside a keepout area
    @ (80.264 mm,72.644 mm): Track 0.250 mm, net [/VBB1] (1) on layer B.Cu, length: 15.260 mm
ErrType(37): Track inside a keepout area
    @ (83.566 mm,75.946 mm): Track 0.250 mm, net [/VBB1] (1) on layer B.Cu, length: 4.670 mm
ErrType(37): Track inside a keepout area
    @ (86.741 mm,75.946 mm): Track 0.250 mm, net [/VBB1] (1) on layer B.Cu, length: 3.175 mm
ErrType(37): Track inside a keepout area
    @ (80.264 mm,57.384 mm): Track 0.250 mm, net [/VBB1] (1) on layer B.Cu, length: 2.753 mm
ErrType(37): Track inside a keepout area
    @ (78.317 mm,55.437 mm): Track 0.250 mm, net [/VBB1] (1) on layer B.Cu, length: 1.056 mm
ErrType(37): Track inside a keepout area
    @ (73.592 mm,51.768 mm): Track 0.250 mm, net [/VBB1] (1) on layer B.Cu, length: 13.262 mm
ErrType(37): Track inside a keepout area
    @ (35.052 mm,47.244 mm): Track 1.000 mm, net [/VBB1] (1) on layer B.Cu, length: 1.492 mm
ErrType(37): Track inside a keepout area
    @ (35.052 mm,45.752 mm): Track 1.000 mm, net [/VBB1] (1) on layer B.Cu, length: 0.045 mm
ErrType(37): Track inside a keepout area
    @ (35.020 mm,45.720 mm): Track 1.000 mm, net [/VBB1] (1) on layer B.Cu, length: 2.000 mm
ErrType(37): Track inside a keepout area
    @ (86.800 mm,75.946 mm): Track 0.250 mm, net [/VBB1] (1) on layer B.Cu, length: 0.059 mm
ErrType(37): Track inside a keepout area
    @ (86.868 mm,77.216 mm): Track 0.250 mm, net [/VBB1] (1) on layer B.Cu, length: 1.202 mm
ErrType(37): Track inside a keepout area
    @ (86.868 mm,76.014 mm): Track 0.250 mm, net [/VBB1] (1) on layer B.Cu, length: 0.096 mm
ErrType(37): Track inside a keepout area
    @ (61.187 mm,57.041 mm): Track 2.000 mm, net [/VBB1] (1) on layer B.Cu, length: 0.766 mm
ErrType(37): Track inside a keepout area
    @ (61.187 mm,56.028 mm): Track 2.000 mm, net [/VBB1] (1) on layer B.Cu, length: 1.013 mm
ErrType(37): Track inside a keepout area
    @ (65.202 mm,57.582 mm): Track 2.000 mm, net [/VBB1] (1) on layer B.Cu, length: 4.418 mm
ErrType(37): Track inside a keepout area
    @ (60.330 mm,55.171 mm): Track 2.000 mm, net [/VBB1] (1) on layer B.Cu, length: 1.212 mm
ErrType(37): Track inside a keepout area
    @ (60.330 mm,51.768 mm): Track 2.000 mm, net [/VBB1] (1) on layer B.Cu, length: 3.403 mm
ErrType(37): Track inside a keepout area
    @ (61.728 mm,57.582 mm): Track 2.000 mm, net [/VBB1] (1) on layer B.Cu, length: 3.474 mm
ErrType(37): Track inside a keepout area
    @ (56.650 mm,48.088 mm): Track 2.000 mm, net [/VBB1] (1) on layer B.Cu, length: 16.174 mm
ErrType(37): Track inside a keepout area
    @ (32.512 mm,54.490 mm): Track 1.500 mm, net [/VBB1] (1) on layer B.Cu, length: 1.352 mm
ErrType(37): Track inside a keepout area
    @ (28.956 mm,50.934 mm): Track 1.500 mm, net [/VBB1] (1) on layer B.Cu, length: 5.029 mm
ErrType(37): Track inside a keepout area
    @ (35.440 mm,52.914 mm): Track 2.000 mm, net [/VBB1] (1) on layer B.Cu, length: 4.140 mm
ErrType(37): Track inside a keepout area
    @ (35.440 mm,47.931 mm): Track 2.000 mm, net [/VBB1] (1) on layer B.Cu, length: 4.983 mm
ErrType(37): Track inside a keepout area
    @ (31.496 mm,56.858 mm): Track 2.000 mm, net [/VBB1] (1) on layer B.Cu, length: 8.166 mm
ErrType(37): Track inside a keepout area
    @ (32.512 mm,55.842 mm): Track 2.000 mm, net [/VBB1] (1) on layer B.Cu, length: 1.437 mm
ErrType(37): Track inside a keepout area
    @ (41.670 mm,43.688 mm): Track 2.000 mm, net [/VBB1] (1) on layer B.Cu, length: 3.062 mm
ErrType(37): Track inside a keepout area
    @ (47.244 mm,38.114 mm): Track 2.000 mm, net [/VBB1] (1) on layer B.Cu, length: 7.884 mm
ErrType(37): Track inside a keepout area
    @ (47.244 mm,35.052 mm): Track 2.000 mm, net [/VBB1] (1) on layer B.Cu, length: 3.062 mm
ErrType(37): Track inside a keepout area
    @ (41.910 mm,56.896 mm): Track 2.000 mm, net [/VBB1] (1) on layer B.Cu, length: 1.016 mm
ErrType(37): Track inside a keepout area
    @ (42.164 mm,57.912 mm): Track 0.500 mm, net [/VBB1] (1) on layer B.Cu, length: 0.254 mm
ErrType(37): Track inside a keepout area
    @ (43.180 mm,58.928 mm): Track 0.500 mm, net [/VBB1] (1) on layer B.Cu, length: 1.437 mm
ErrType(37): Track inside a keepout area
    @ (42.164 mm,56.896 mm): Track 0.500 mm, net [/VBB1] (1) on layer B.Cu, length: 0.254 mm
ErrType(37): Track inside a keepout area
    @ (43.180 mm,57.912 mm): Track 0.500 mm, net [/VBB1] (1) on layer B.Cu, length: 1.437 mm
ErrType(37): Track inside a keepout area
    @ (42.672 mm,55.372 mm): Track 0.500 mm, net [/VBB1] (1) on layer B.Cu, length: 0.762 mm
ErrType(37): Track inside a keepout area
    @ (43.180 mm,55.880 mm): Track 0.500 mm, net [/VBB1] (1) on layer B.Cu, length: 0.718 mm
ErrType(37): Track inside a keepout area
    @ (51.816 mm,35.096 mm): Track 0.250 mm, net [/VBB1] (1) on layer B.Cu, length: 0.062 mm
ErrType(37): Track inside a keepout area
    @ (51.816 mm,44.704 mm): Track 0.250 mm, net [/VBB1] (1) on layer B.Cu, length: 9.608 mm
ErrType(37): Track inside a keepout area
    @ (53.266 mm,44.704 mm): Track 0.250 mm, net [/VBB1] (1) on layer B.Cu, length: 1.450 mm
ErrType(37): Track inside a keepout area
    @ (56.650 mm,48.088 mm): Track 0.250 mm, net [/VBB1] (1) on layer B.Cu, length: 4.786 mm
ErrType(37): Track inside a keepout area
    @ (60.330 mm,51.768 mm): Track 0.250 mm, net [/VBB1] (1) on layer B.Cu, length: 5.204 mm
ErrType(37): Track inside a keepout area
    @ (51.816 mm,44.704 mm): Track 0.250 mm, net [/VBB1] (1) on layer B.Cu, length: 4.826 mm
ErrType(37): Track inside a keepout area
    @ (51.772 mm,35.052 mm): Track 0.250 mm, net [/VBB1] (1) on layer B.Cu, length: 1.901 mm
ErrType(37): Track inside a keepout area
    @ (46.736 mm,35.052 mm): Track 0.250 mm, net [/VBB1] (1) on layer B.Cu, length: 1.437 mm
ErrType(37): Track inside a keepout area
    @ (47.244 mm,35.052 mm): Track 0.250 mm, net [/VBB1] (1) on layer B.Cu, length: 0.508 mm
ErrType(37): Track inside a keepout area
    @ (51.772 mm,35.052 mm): Track 2.000 mm, net [/VBB1] (1) on layer B.Cu, length: 1.900 mm
ErrType(37): Track inside a keepout area
    @ (46.990 mm,43.228 mm): Track 2.000 mm, net [/VBB1] (1) on layer B.Cu, length: 1.476 mm
ErrType(37): Track inside a keepout area
    @ (51.772 mm,38.446 mm): Track 2.000 mm, net [/VBB1] (1) on layer B.Cu, length: 6.763 mm
ErrType(37): Track inside a keepout area
    @ (51.772 mm,36.952 mm): Track 2.000 mm, net [/VBB1] (1) on layer B.Cu, length: 1.494 mm
ErrType(37): Track inside a keepout area
    @ (60.330 mm,43.610 mm): Track 2.000 mm, net [/VBB1] (1) on layer B.Cu, length: 8.158 mm
ErrType(37): Track inside a keepout area
    @ (56.650 mm,39.930 mm): Track 2.000 mm, net [/VBB1] (1) on layer B.Cu, length: 5.204 mm
ErrType(37): Track inside a keepout area
    @ (41.910 mm,52.918 mm): Track 2.000 mm, net [/VBB1] (1) on layer B.Cu, length: 2.454 mm
ErrType(37): Track inside a keepout area
    @ (46.990 mm,47.838 mm): Track 2.000 mm, net [/VBB1] (1) on layer B.Cu, length: 7.184 mm
ErrType(37): Track inside a keepout area
    @ (46.990 mm,44.704 mm): Track 2.000 mm, net [/VBB1] (1) on layer B.Cu, length: 3.134 mm
ErrType(37): Track inside a keepout area
    @ (43.952 mm,28.500 mm): Track 0.250 mm, net [/VBB1] (1) on layer B.Cu, length: 1.450 mm
ErrType(37): Track inside a keepout area
    @ (38.608 mm,44.704 mm): Track 0.250 mm, net [/VBB1] (1) on layer B.Cu, length: 1.437 mm
ErrType(37): Track inside a keepout area
    @ (38.608 mm,43.688 mm): Track 0.250 mm, net [/VBB1] (1) on layer B.Cu, length: 1.016 mm
ErrType(37): Track inside a keepout area
    @ (56.650 mm,39.930 mm): Track 2.000 mm, net [/VBB1] (1) on layer B.Cu, length: 8.158 mm
ErrType(37): Track inside a keepout area
    @ (38.608 mm,43.688 mm): Track 2.000 mm, net [/VBB1] (1) on layer B.Cu, length: 2.873 mm
ErrType(37): Track inside a keepout area
    @ (37.592 mm,45.720 mm): Track 1.500 mm, net [/VBB1] (1) on layer B.Cu, length: 1.016 mm
ErrType(37): Track inside a keepout area
    @ (36.068 mm,45.897 mm): Track 1.500 mm, net [/VBB1] (1) on layer B.Cu, length: 0.331 mm
ErrType(37): Track inside a keepout area
    @ (36.245 mm,45.720 mm): Track 1.500 mm, net [/VBB1] (1) on layer B.Cu, length: 0.250 mm
ErrType(37): Track inside a keepout area
    @ (36.576 mm,45.720 mm): Track 1.500 mm, net [/VBB1] (1) on layer B.Cu, length: 0.331 mm
ErrType(37): Track inside a keepout area
    @ (36.576 mm,45.720 mm): Track 2.000 mm, net [/VBB1] (1) on layer B.Cu, length: 0.719 mm
ErrType(37): Track inside a keepout area
    @ (36.068 mm,46.228 mm): Track 2.000 mm, net [/VBB1] (1) on layer B.Cu, length: 1.437 mm
ErrType(37): Track inside a keepout area
    @ (41.910 mm,57.912 mm): Track 2.000 mm, net [/VBB1] (1) on layer B.Cu, length: 1.016 mm
ErrType(37): Track inside a keepout area
    @ (41.910 mm,58.928 mm): Track 2.000 mm, net [/VBB1] (1) on layer B.Cu, length: 6.604 mm
ErrType(37): Track inside a keepout area
    @ (41.910 mm,55.372 mm): Track 2.000 mm, net [/VBB1] (1) on layer B.Cu, length: 0.254 mm
ErrType(37): Track inside a keepout area
    @ (41.910 mm,55.626 mm): Track 2.000 mm, net [/VBB1] (1) on layer B.Cu, length: 1.270 mm
ErrType(37): Track inside a keepout area
    @ (43.180 mm,56.896 mm): Track 0.500 mm, net [/VBB1] (1) on layer B.Cu, length: 1.796 mm
ErrType(37): Track inside a keepout area
    @ (41.910 mm,55.626 mm): Track 0.500 mm, net [/VBB1] (1) on layer B.Cu, length: 0.254 mm
ErrType(37): Track inside a keepout area
    @ (51.772 mm,35.052 mm): Track 0.250 mm, net [/VBB1] (1) on layer B.Cu, length: 1.900 mm
ErrType(37): Track inside a keepout area
    @ (49.872 mm,35.052 mm): Track 0.250 mm, net [/VBB1] (1) on layer B.Cu, length: 2.628 mm
ErrType(37): Track inside a keepout area
    @ (51.772 mm,35.052 mm): Track 2.000 mm, net [/VBB1] (1) on layer B.Cu, length: 0.062 mm
ErrType(37): Track inside a keepout area
    @ (51.816 mm,35.096 mm): Track 2.000 mm, net [/VBB1] (1) on layer B.Cu, length: 6.836 mm
ErrType(37): Track inside a keepout area
    @ (51.772 mm,35.052 mm): Track 2.000 mm, net [/VBB1] (1) on layer B.Cu, length: 0.062 mm
ErrType(37): Track inside a keepout area
    @ (51.816 mm,35.096 mm): Track 2.000 mm, net [/VBB1] (1) on layer B.Cu, length: 6.836 mm
ErrType(37): Track inside a keepout area
    @ (51.772 mm,35.052 mm): Track 2.000 mm, net [/VBB1] (1) on layer B.Cu, length: 1.900 mm
ErrType(37): Track inside a keepout area
    @ (49.872 mm,35.052 mm): Track 2.000 mm, net [/VBB1] (1) on layer B.Cu, length: 2.628 mm
ErrType(37): Track inside a keepout area
    @ (81.280 mm,45.212 mm): Track 0.350 mm, net [/VBB2] (3) on layer B.Cu, length: 1.150 mm
ErrType(37): Track inside a keepout area
    @ (82.430 mm,45.212 mm): Track 0.350 mm, net [/VBB2] (3) on layer B.Cu, length: 1.150 mm
ErrType(37): Track inside a keepout area
    @ (85.300 mm,36.952 mm): Track 0.350 mm, net [/VBB2] (3) on layer B.Cu, length: 1.900 mm
ErrType(37): Track inside a keepout area
    @ (76.002 mm,28.500 mm): Track 0.350 mm, net [/VBB2] (3) on layer B.Cu, length: 1.450 mm
ErrType(37): Track inside a keepout area
    @ (83.400 mm,35.052 mm): Track 0.350 mm, net [/VBB2] (3) on layer B.Cu, length: 1.900 mm
ErrType(37): Track inside a keepout area
    @ (83.956 mm,36.396 mm): Track 0.250 mm, net [/VBB2] (3) on layer B.Cu, length: 1.901 mm
ErrType(37): Track inside a keepout area
    @ (88.392 mm,45.212 mm): Track 0.350 mm, net [/VBB2] (3) on layer B.Cu, length: 5.962 mm
ErrType(37): Track inside a keepout area
    @ (88.900 mm,45.720 mm): Track 0.350 mm, net [/VBB2] (3) on layer B.Cu, length: 0.718 mm
ErrType(37): Track inside a keepout area
    @ (88.900 mm,50.851 mm): Track 0.350 mm, net [/VBB2] (3) on layer B.Cu, length: 5.131 mm
ErrType(37): Track inside a keepout area
    @ (96.830 mm,41.204 mm): Track 0.250 mm, net [/VBB3] (4) on layer B.Cu, length: 0.634 mm
ErrType(37): Track inside a keepout area
    @ (96.830 mm,40.570 mm): Track 0.250 mm, net [/VBB3] (4) on layer B.Cu, length: 7.877 mm
ErrType(37): Track inside a keepout area
    @ (93.980 mm,41.204 mm): Track 0.250 mm, net [/VBB3] (4) on layer B.Cu, length: 2.850 mm
ErrType(37): Track inside a keepout area
    @ (99.568 mm,55.880 mm): Track 0.350 mm, net [/VBB3] (4) on layer B.Cu, length: 2.540 mm
ErrType(37): Track inside a keepout area
    @ (114.692 mm,59.944 mm): Track 0.350 mm, net [/VBB3] (4) on layer B.Cu, length: 0.718 mm
ErrType(37): Track inside a keepout area
    @ (113.792 mm,59.944 mm): Track 0.350 mm, net [/VBB3] (4) on layer B.Cu, length: 0.900 mm
ErrType(37): Track inside a keepout area
    @ (114.775 mm,49.245 mm): Track 0.350 mm, net [/VBB3] (4) on layer B.Cu, length: 1.450 mm
ErrType(37): Track inside a keepout area
    @ (113.750 mm,48.220 mm): Track 0.350 mm, net [/VBB3] (4) on layer B.Cu, length: 1.450 mm
ErrType(37): Track inside a keepout area
    @ (100.500 mm,35.000 mm): Track 0.350 mm, net [/VBB3] (4) on layer B.Cu, length: 1.900 mm
ErrType(37): Track inside a keepout area
    @ (36.576 mm,40.136 mm): Track 2.500 mm, net [Net-(D1-Pad1)] (12) on layer B.Cu, length: 4.575 mm
ErrType(37): Track inside a keepout area
    @ (33.532 mm,43.180 mm): Track 2.500 mm, net [Net-(D1-Pad1)] (12) on layer B.Cu, length: 4.306 mm
ErrType(37): Track inside a keepout area
    @ (33.020 mm,43.180 mm): Track 2.500 mm, net [Net-(D1-Pad1)] (12) on layer B.Cu, length: 0.511 mm
ErrType(37): Track inside a keepout area
    @ (36.576 mm,29.426 mm): Track 2.500 mm, net [Net-(D1-Pad1)] (12) on layer B.Cu, length: 6.134 mm
ErrType(37): Track inside a keepout area
    @ (37.502 mm,28.500 mm): Track 2.500 mm, net [Net-(D1-Pad1)] (12) on layer B.Cu, length: 1.310 mm
ErrType(37): Track inside a keepout area
    @ (70.104 mm,39.782 mm): Track 2.000 mm, net [Net-(D11-Pad2)] (14) on layer B.Cu, length: 4.222 mm
ErrType(37): Track inside a keepout area
    @ (73.282 mm,42.960 mm): Track 2.000 mm, net [Net-(D11-Pad2)] (14) on layer B.Cu, length: 4.495 mm
ErrType(37): Track inside a keepout area
    @ (76.420 mm,42.960 mm): Track 2.000 mm, net [Net-(D11-Pad2)] (14) on layer B.Cu, length: 3.138 mm
ErrType(37): Track inside a keepout area
    @ (78.740 mm,40.640 mm): Track 2.000 mm, net [Net-(D11-Pad2)] (14) on layer B.Cu, length: 3.281 mm
ErrType(37): Track inside a keepout area
    @ (70.104 mm,29.398 mm): Track 2.500 mm, net [Net-(D11-Pad2)] (14) on layer B.Cu, length: 6.162 mm
ErrType(37): Track inside a keepout area
    @ (71.002 mm,28.500 mm): Track 2.500 mm, net [Net-(D11-Pad2)] (14) on layer B.Cu, length: 1.270 mm
ErrType(37): Track inside a keepout area
    @ (113.750 mm,43.220 mm): Track 2.500 mm, net [Net-(D12-Pad2)] (16) on layer B.Cu, length: 1.450 mm
ErrType(37): Track inside a keepout area
    @ (109.000 mm,45.212 mm): Track 2.500 mm, net [Net-(D12-Pad2)] (16) on layer B.Cu, length: 4.352 mm
ErrType(37): Track inside a keepout area
    @ (110.992 mm,43.220 mm): Track 2.500 mm, net [Net-(D12-Pad2)] (16) on layer B.Cu, length: 2.817 mm
ErrType(37): Track inside a keepout area
    @ (112.300 mm,43.220 mm): Track 2.500 mm, net [Net-(D12-Pad2)] (16) on layer B.Cu, length: 1.308 mm
ErrType(37): Track inside a keepout area
    @ (100.982 mm,80.772 mm): Track 1.750 mm, net [Net-(D4-Pad2)] (18) on layer B.Cu, length: 1.414 mm
ErrType(37): Track inside a keepout area
    @ (103.014 mm,78.740 mm): Track 1.750 mm, net [Net-(D4-Pad2)] (18) on layer B.Cu, length: 2.874 mm
ErrType(37): Track inside a keepout area
    @ (104.648 mm,78.740 mm): Track 1.750 mm, net [Net-(D4-Pad2)] (18) on layer B.Cu, length: 1.634 mm
ErrType(37): Track inside a keepout area
    @ (100.982 mm,69.088 mm): Track 1.750 mm, net [Net-(D5-Pad2)] (19) on layer B.Cu, length: 1.414 mm
ErrType(37): Track inside a keepout area
    @ (102.506 mm,67.564 mm): Track 1.750 mm, net [Net-(D5-Pad2)] (19) on layer B.Cu, length: 2.155 mm
ErrType(37): Track inside a keepout area
    @ (104.648 mm,67.564 mm): Track 1.750 mm, net [Net-(D5-Pad2)] (19) on layer B.Cu, length: 2.142 mm
ErrType(37): Track inside a keepout area
    @ (100.982 mm,58.420 mm): Track 1.750 mm, net [Net-(D6-Pad2)] (20) on layer B.Cu, length: 1.414 mm
ErrType(37): Track inside a keepout area
    @ (103.014 mm,56.388 mm): Track 1.750 mm, net [Net-(D6-Pad2)] (20) on layer B.Cu, length: 2.874 mm
ErrType(37): Track inside a keepout area
    @ (104.648 mm,56.388 mm): Track 1.750 mm, net [Net-(D6-Pad2)] (20) on layer B.Cu, length: 1.634 mm

** Found 0 unconnected pads **

** End of Report **
